
R version 3.3.3 (2017-03-06) -- "Another Canoe"
Copyright (C) 2017 The R Foundation for Statistical Computing
Platform: x86_64-w64-mingw32/x64 (64-bit)

R is free software and comes with ABSOLUTELY NO WARRANTY.
You are welcome to redistribute it under certain conditions.
Type 'license()' or 'licence()' for distribution details.

R is a collaborative project with many contributors.
Type 'contributors()' for more information and
'citation()' on how to cite R or R packages in publications.

Type 'demo()' for some demos, 'help()' for on-line help, or
'help.start()' for an HTML browser interface to help.
Type 'q()' to quit R.

> ### Data Preprocessing ###
> library(data.table)
data.table 1.10.4.3
  The fastest way to learn (by data.table authors): https://www.datacamp.com/courses/data-analysis-the-data-table-way
  Documentation: ?data.table, example(data.table) and browseVignettes("data.table")
  Release notes, videos and slides: http://r-datatable.com
> library(foreach)
> 
> # retrieve filenames of test sets
> test_filenames = list.files(pattern = "blogData_test")
> 
> # load and combine dataset
> train = fread("blogData_train.csv")
Read 52397 rows and 281 (of 281) columns from 0.061 GB file in 00:00:07
> test = foreach(i = 1:length(test_filenames), .combine = rbind) %do% {
+   temp = fread(test_filenames[i], header = F)
+ }
> 
> # log-transform
> train[, V281 := log(1 + V281)]
> test[, V281 := log(1 + V281)]
> 
> # drop continous variables without variation
> drop = c(8, 13, 28, 33, 38, 40, 43, 50, 278)
> train[, (drop) := NULL]
> test[, (drop) := NULL]
> 
> # write to files
> write.csv(train, "BlogFeedback-Train.csv", row.names = F)
> write.csv(test, "BlogFeedback-Test.csv", row.names = F)


> ### Basic Models ###
> library(data.table)
data.table 1.10.4.3
  The fastest way to learn (by data.table authors): https://www.datacamp.com/courses/data-analysis-the-data-table-way
  Documentation: ?data.table, example(data.table) and browseVignettes("data.table")
  Release notes, videos and slides: http://r-datatable.com
> library(MatrixModels)
> 
> library(e1071)
> library(FNN)
> library(glmnet)
Loading required package: Matrix
Loading required package: foreach
Loaded glmnet 2.0-16

> library(ranger)
> library(xgboost)
> 
> 
> # error measure
> mse = function(ydash, y) {
+   mse = mean((y - ydash)^2)
+   return(mse)
+ }
> 
> # load and combine dataset
> train = fread("BlogFeedback-Train.csv")
Read 52397 rows and 272 (of 272) columns from 0.034 GB file in 00:00:06
> test = fread("BlogFeedback-Test.csv")
> 
> 
> # create design matrices
> train_x = model.Matrix(V281 ~ . - 1, data = train, sparse = F)
> train_x_sparse = model.Matrix(V281 ~ . - 1, data = train, sparse = T)
> 
> train_y = train$V281
> 
> test_x = model.Matrix(V281 ~ . - 1, data = test, sparse = F)
> test_y = test$V281
> 
> train_xgb = xgb.DMatrix(data = as.matrix(train_x), label = train_y)
> test_xgb = xgb.DMatrix(data = as.matrix(test_x), label = test_y)
> 
> # try kNN
> mdl_knn= knn.reg(train_x, test_x, train_y, k = 15)
> pred_knn = knn.reg(train_x, test_x, train_y, k = 15)$pred
> mse(pred_knn, test_y)
[1] 0.6407074
> save(mdl_knn, file = "mdl_knn.rda")
> 
> # try LASSO
> mdl_lasso = cv.glmnet(train_x_sparse, train_y, family = "gaussian", alpha = 2)
There were 11 warnings (use warnings() to see them)
> pred_lasso = predict(mdl_lasso, newx = test_x)
> mse(pred_lasso, test_y)
[1] 0.6359344
> save(mdl_lasso, file = "mdl_lasso.rda")
> 
> # try SVM
> mdl_svm = svm(V281 ~ V52 + V55 + V61 + V51 + V54 + V21 + V6 + V10, data = train, kernel = "radial", cost = 2, gamma = 0.25)
> pred_svm = predict(mdl_svm, test)
> mse(pred_svm, test_y)
[1] 0.4454636
> save(mdl_svm, file = "mdl_svm.rda")
> 
> 
> # try random forest
> mdl_rf = ranger(V281 ~ ., data = train, num.trees = 1000, mtry = 120, write.forest = T)
Growing trees.. Progress: 5%. Estimated remaining time: 9 minutes, 3 seconds.
Growing trees.. Progress: 11%. Estimated remaining time: 8 minutes, 14 seconds.
Growing trees.. Progress: 18%. Estimated remaining time: 7 minutes, 26 seconds.
Growing trees.. Progress: 24%. Estimated remaining time: 6 minutes, 42 seconds.
Growing trees.. Progress: 30%. Estimated remaining time: 6 minutes, 8 seconds.
Growing trees.. Progress: 36%. Estimated remaining time: 5 minutes, 33 seconds.
Growing trees.. Progress: 42%. Estimated remaining time: 5 minutes, 5 seconds.
Growing trees.. Progress: 48%. Estimated remaining time: 4 minutes, 30 seconds.
Growing trees.. Progress: 54%. Estimated remaining time: 3 minutes, 58 seconds.
Growing trees.. Progress: 60%. Estimated remaining time: 3 minutes, 27 seconds.
Growing trees.. Progress: 66%. Estimated remaining time: 2 minutes, 56 seconds.
Growing trees.. Progress: 72%. Estimated remaining time: 2 minutes, 25 seconds.
Growing trees.. Progress: 78%. Estimated remaining time: 1 minute, 52 seconds.
Growing trees.. Progress: 84%. Estimated remaining time: 1 minute, 21 seconds.
Growing trees.. Progress: 91%. Estimated remaining time: 49 seconds.
Growing trees.. Progress: 97%. Estimated remaining time: 17 seconds.
> pred_rf = predict(mdl_rf, test)
> mse(pred_rf$predictions, test_y)
[1] 0.3975424
> save(mdl_lasso, file = "mdl_rf.rda")
> 
> 
> # try XGboost
> mdl_xgb = xgboost(data = train_xgb, nround = 500, nthread = 4, max_depth = 6, eta = 0.025, subsample = 0.7, gamma = 3)
[1]	train-rmse:1.123153 
[2]	train-rmse:1.105781 
[3]	train-rmse:1.088983 
[4]	train-rmse:1.072617 
[5]	train-rmse:1.056785 
[6]	train-rmse:1.041471 
[7]	train-rmse:1.026650 
[8]	train-rmse:1.012305 
[9]	train-rmse:0.998435 
[10]	train-rmse:0.984987 
[11]	train-rmse:0.972151 
[12]	train-rmse:0.959666 
[13]	train-rmse:0.947494 
[14]	train-rmse:0.935752 
[15]	train-rmse:0.924529 
[16]	train-rmse:0.913612 
[17]	train-rmse:0.903108 
[18]	train-rmse:0.892955 
[19]	train-rmse:0.883226 
[20]	train-rmse:0.873778 
[21]	train-rmse:0.864798 
[22]	train-rmse:0.856065 
[23]	train-rmse:0.847546 
[24]	train-rmse:0.839364 
[25]	train-rmse:0.831647 
[26]	train-rmse:0.824087 
[27]	train-rmse:0.816769 
[28]	train-rmse:0.809794 
[29]	train-rmse:0.803029 
[30]	train-rmse:0.796706 
[31]	train-rmse:0.790360 
[32]	train-rmse:0.784320 
[33]	train-rmse:0.778407 
[34]	train-rmse:0.772757 
[35]	train-rmse:0.767379 
[36]	train-rmse:0.762075 
[37]	train-rmse:0.757083 
[38]	train-rmse:0.752200 
[39]	train-rmse:0.747590 
[40]	train-rmse:0.743119 
[41]	train-rmse:0.738656 
[42]	train-rmse:0.734419 
[43]	train-rmse:0.730335 
[44]	train-rmse:0.726438 
[45]	train-rmse:0.722698 
[46]	train-rmse:0.719111 
[47]	train-rmse:0.715591 
[48]	train-rmse:0.712210 
[49]	train-rmse:0.708946 
[50]	train-rmse:0.705847 
[51]	train-rmse:0.702919 
[52]	train-rmse:0.699999 
[53]	train-rmse:0.697299 
[54]	train-rmse:0.694686 
[55]	train-rmse:0.692066 
[56]	train-rmse:0.689525 
[57]	train-rmse:0.687166 
[58]	train-rmse:0.684914 
[59]	train-rmse:0.682777 
[60]	train-rmse:0.680580 
[61]	train-rmse:0.678568 
[62]	train-rmse:0.676596 
[63]	train-rmse:0.674612 
[64]	train-rmse:0.672684 
[65]	train-rmse:0.670867 
[66]	train-rmse:0.669150 
[67]	train-rmse:0.667479 
[68]	train-rmse:0.665844 
[69]	train-rmse:0.664255 
[70]	train-rmse:0.662767 
[71]	train-rmse:0.661346 
[72]	train-rmse:0.659891 
[73]	train-rmse:0.658496 
[74]	train-rmse:0.657148 
[75]	train-rmse:0.655811 
[76]	train-rmse:0.654527 
[77]	train-rmse:0.653271 
[78]	train-rmse:0.651966 
[79]	train-rmse:0.650783 
[80]	train-rmse:0.649660 
[81]	train-rmse:0.648530 
[82]	train-rmse:0.647532 
[83]	train-rmse:0.646516 
[84]	train-rmse:0.645589 
[85]	train-rmse:0.644594 
[86]	train-rmse:0.643653 
[87]	train-rmse:0.642715 
[88]	train-rmse:0.641719 
[89]	train-rmse:0.640881 
[90]	train-rmse:0.640055 
[91]	train-rmse:0.639194 
[92]	train-rmse:0.638332 
[93]	train-rmse:0.637544 
[94]	train-rmse:0.636817 
[95]	train-rmse:0.636093 
[96]	train-rmse:0.635408 
[97]	train-rmse:0.634680 
[98]	train-rmse:0.633956 
[99]	train-rmse:0.633254 
[100]	train-rmse:0.632562 
[101]	train-rmse:0.631969 
[102]	train-rmse:0.631290 
[103]	train-rmse:0.630580 
[104]	train-rmse:0.629984 
[105]	train-rmse:0.629461 
[106]	train-rmse:0.628924 
[107]	train-rmse:0.628285 
[108]	train-rmse:0.627755 
[109]	train-rmse:0.627182 
[110]	train-rmse:0.626575 
[111]	train-rmse:0.626018 
[112]	train-rmse:0.625509 
[113]	train-rmse:0.625081 
[114]	train-rmse:0.624644 
[115]	train-rmse:0.624243 
[116]	train-rmse:0.623830 
[117]	train-rmse:0.623389 
[118]	train-rmse:0.622917 
[119]	train-rmse:0.622561 
[120]	train-rmse:0.622145 
[121]	train-rmse:0.621737 
[122]	train-rmse:0.621325 
[123]	train-rmse:0.620926 
[124]	train-rmse:0.620502 
[125]	train-rmse:0.620202 
[126]	train-rmse:0.619766 
[127]	train-rmse:0.619453 
[128]	train-rmse:0.618979 
[129]	train-rmse:0.618589 
[130]	train-rmse:0.618208 
[131]	train-rmse:0.617827 
[132]	train-rmse:0.617478 
[133]	train-rmse:0.617129 
[134]	train-rmse:0.616851 
[135]	train-rmse:0.616544 
[136]	train-rmse:0.616220 
[137]	train-rmse:0.615825 
[138]	train-rmse:0.615565 
[139]	train-rmse:0.615236 
[140]	train-rmse:0.614968 
[141]	train-rmse:0.614659 
[142]	train-rmse:0.614341 
[143]	train-rmse:0.614111 
[144]	train-rmse:0.613768 
[145]	train-rmse:0.613546 
[146]	train-rmse:0.613254 
[147]	train-rmse:0.612980 
[148]	train-rmse:0.612684 
[149]	train-rmse:0.612358 
[150]	train-rmse:0.612115 
[151]	train-rmse:0.611743 
[152]	train-rmse:0.611442 
[153]	train-rmse:0.611096 
[154]	train-rmse:0.610820 
[155]	train-rmse:0.610533 
[156]	train-rmse:0.610283 
[157]	train-rmse:0.610025 
[158]	train-rmse:0.609725 
[159]	train-rmse:0.609524 
[160]	train-rmse:0.609185 
[161]	train-rmse:0.608917 
[162]	train-rmse:0.608687 
[163]	train-rmse:0.608438 
[164]	train-rmse:0.608250 
[165]	train-rmse:0.608046 
[166]	train-rmse:0.607788 
[167]	train-rmse:0.607590 
[168]	train-rmse:0.607324 
[169]	train-rmse:0.607115 
[170]	train-rmse:0.606849 
[171]	train-rmse:0.606627 
[172]	train-rmse:0.606397 
[173]	train-rmse:0.606139 
[174]	train-rmse:0.605866 
[175]	train-rmse:0.605667 
[176]	train-rmse:0.605461 
[177]	train-rmse:0.605354 
[178]	train-rmse:0.605154 
[179]	train-rmse:0.604898 
[180]	train-rmse:0.604632 
[181]	train-rmse:0.604397 
[182]	train-rmse:0.604140 
[183]	train-rmse:0.603957 
[184]	train-rmse:0.603719 
[185]	train-rmse:0.603450 
[186]	train-rmse:0.603373 
[187]	train-rmse:0.603139 
[188]	train-rmse:0.602914 
[189]	train-rmse:0.602801 
[190]	train-rmse:0.602597 
[191]	train-rmse:0.602429 
[192]	train-rmse:0.602179 
[193]	train-rmse:0.602051 
[194]	train-rmse:0.601834 
[195]	train-rmse:0.601687 
[196]	train-rmse:0.601598 
[197]	train-rmse:0.601508 
[198]	train-rmse:0.601403 
[199]	train-rmse:0.601235 
[200]	train-rmse:0.601014 
[201]	train-rmse:0.600780 
[202]	train-rmse:0.600590 
[203]	train-rmse:0.600522 
[204]	train-rmse:0.600276 
[205]	train-rmse:0.600122 
[206]	train-rmse:0.599982 
[207]	train-rmse:0.599819 
[208]	train-rmse:0.599702 
[209]	train-rmse:0.599452 
[210]	train-rmse:0.599243 
[211]	train-rmse:0.599159 
[212]	train-rmse:0.598897 
[213]	train-rmse:0.598711 
[214]	train-rmse:0.598573 
[215]	train-rmse:0.598312 
[216]	train-rmse:0.598270 
[217]	train-rmse:0.598133 
[218]	train-rmse:0.597922 
[219]	train-rmse:0.597775 
[220]	train-rmse:0.597664 
[221]	train-rmse:0.597482 
[222]	train-rmse:0.597285 
[223]	train-rmse:0.597124 
[224]	train-rmse:0.596892 
[225]	train-rmse:0.596706 
[226]	train-rmse:0.596625 
[227]	train-rmse:0.596584 
[228]	train-rmse:0.596398 
[229]	train-rmse:0.596216 
[230]	train-rmse:0.596053 
[231]	train-rmse:0.595851 
[232]	train-rmse:0.595777 
[233]	train-rmse:0.595689 
[234]	train-rmse:0.595506 
[235]	train-rmse:0.595361 
[236]	train-rmse:0.595246 
[237]	train-rmse:0.594991 
[238]	train-rmse:0.594808 
[239]	train-rmse:0.594722 
[240]	train-rmse:0.594556 
[241]	train-rmse:0.594460 
[242]	train-rmse:0.594352 
[243]	train-rmse:0.594213 
[244]	train-rmse:0.594124 
[245]	train-rmse:0.593984 
[246]	train-rmse:0.593879 
[247]	train-rmse:0.593820 
[248]	train-rmse:0.593738 
[249]	train-rmse:0.593604 
[250]	train-rmse:0.593482 
[251]	train-rmse:0.593401 
[252]	train-rmse:0.593296 
[253]	train-rmse:0.593177 
[254]	train-rmse:0.593019 
[255]	train-rmse:0.592899 
[256]	train-rmse:0.592757 
[257]	train-rmse:0.592616 
[258]	train-rmse:0.592569 
[259]	train-rmse:0.592304 
[260]	train-rmse:0.592125 
[261]	train-rmse:0.591985 
[262]	train-rmse:0.591825 
[263]	train-rmse:0.591624 
[264]	train-rmse:0.591590 
[265]	train-rmse:0.591490 
[266]	train-rmse:0.591351 
[267]	train-rmse:0.591274 
[268]	train-rmse:0.591055 
[269]	train-rmse:0.590902 
[270]	train-rmse:0.590755 
[271]	train-rmse:0.590526 
[272]	train-rmse:0.590319 
[273]	train-rmse:0.590191 
[274]	train-rmse:0.590123 
[275]	train-rmse:0.590038 
[276]	train-rmse:0.589960 
[277]	train-rmse:0.589805 
[278]	train-rmse:0.589624 
[279]	train-rmse:0.589478 
[280]	train-rmse:0.589410 
[281]	train-rmse:0.589278 
[282]	train-rmse:0.589201 
[283]	train-rmse:0.589040 
[284]	train-rmse:0.588896 
[285]	train-rmse:0.588850 
[286]	train-rmse:0.588749 
[287]	train-rmse:0.588671 
[288]	train-rmse:0.588635 
[289]	train-rmse:0.588560 
[290]	train-rmse:0.588499 
[291]	train-rmse:0.588469 
[292]	train-rmse:0.588388 
[293]	train-rmse:0.588225 
[294]	train-rmse:0.588201 
[295]	train-rmse:0.588040 
[296]	train-rmse:0.587952 
[297]	train-rmse:0.587872 
[298]	train-rmse:0.587755 
[299]	train-rmse:0.587706 
[300]	train-rmse:0.587668 
[301]	train-rmse:0.587518 
[302]	train-rmse:0.587317 
[303]	train-rmse:0.587165 
[304]	train-rmse:0.587020 
[305]	train-rmse:0.586972 
[306]	train-rmse:0.586830 
[307]	train-rmse:0.586712 
[308]	train-rmse:0.586636 
[309]	train-rmse:0.586537 
[310]	train-rmse:0.586355 
[311]	train-rmse:0.586262 
[312]	train-rmse:0.586138 
[313]	train-rmse:0.586082 
[314]	train-rmse:0.585995 
[315]	train-rmse:0.585931 
[316]	train-rmse:0.585868 
[317]	train-rmse:0.585771 
[318]	train-rmse:0.585728 
[319]	train-rmse:0.585657 
[320]	train-rmse:0.585546 
[321]	train-rmse:0.585494 
[322]	train-rmse:0.585395 
[323]	train-rmse:0.585245 
[324]	train-rmse:0.585095 
[325]	train-rmse:0.584978 
[326]	train-rmse:0.584842 
[327]	train-rmse:0.584725 
[328]	train-rmse:0.584706 
[329]	train-rmse:0.584573 
[330]	train-rmse:0.584476 
[331]	train-rmse:0.584344 
[332]	train-rmse:0.584182 
[333]	train-rmse:0.584086 
[334]	train-rmse:0.583913 
[335]	train-rmse:0.583778 
[336]	train-rmse:0.583627 
[337]	train-rmse:0.583537 
[338]	train-rmse:0.583445 
[339]	train-rmse:0.583350 
[340]	train-rmse:0.583251 
[341]	train-rmse:0.583121 
[342]	train-rmse:0.582980 
[343]	train-rmse:0.582902 
[344]	train-rmse:0.582866 
[345]	train-rmse:0.582728 
[346]	train-rmse:0.582584 
[347]	train-rmse:0.582505 
[348]	train-rmse:0.582343 
[349]	train-rmse:0.582292 
[350]	train-rmse:0.582243 
[351]	train-rmse:0.582175 
[352]	train-rmse:0.582031 
[353]	train-rmse:0.581989 
[354]	train-rmse:0.581892 
[355]	train-rmse:0.581808 
[356]	train-rmse:0.581720 
[357]	train-rmse:0.581585 
[358]	train-rmse:0.581412 
[359]	train-rmse:0.581354 
[360]	train-rmse:0.581244 
[361]	train-rmse:0.581220 
[362]	train-rmse:0.581120 
[363]	train-rmse:0.581037 
[364]	train-rmse:0.580892 
[365]	train-rmse:0.580795 
[366]	train-rmse:0.580751 
[367]	train-rmse:0.580659 
[368]	train-rmse:0.580574 
[369]	train-rmse:0.580534 
[370]	train-rmse:0.580467 
[371]	train-rmse:0.580431 
[372]	train-rmse:0.580374 
[373]	train-rmse:0.580351 
[374]	train-rmse:0.580302 
[375]	train-rmse:0.580251 
[376]	train-rmse:0.580131 
[377]	train-rmse:0.579991 
[378]	train-rmse:0.579881 
[379]	train-rmse:0.579817 
[380]	train-rmse:0.579737 
[381]	train-rmse:0.579723 
[382]	train-rmse:0.579607 
[383]	train-rmse:0.579418 
[384]	train-rmse:0.579277 
[385]	train-rmse:0.579129 
[386]	train-rmse:0.578990 
[387]	train-rmse:0.578892 
[388]	train-rmse:0.578859 
[389]	train-rmse:0.578722 
[390]	train-rmse:0.578561 
[391]	train-rmse:0.578497 
[392]	train-rmse:0.578475 
[393]	train-rmse:0.578384 
[394]	train-rmse:0.578303 
[395]	train-rmse:0.578170 
[396]	train-rmse:0.578140 
[397]	train-rmse:0.578010 
[398]	train-rmse:0.577947 
[399]	train-rmse:0.577879 
[400]	train-rmse:0.577862 
[401]	train-rmse:0.577792 
[402]	train-rmse:0.577757 
[403]	train-rmse:0.577626 
[404]	train-rmse:0.577507 
[405]	train-rmse:0.577473 
[406]	train-rmse:0.577295 
[407]	train-rmse:0.577213 
[408]	train-rmse:0.577143 
[409]	train-rmse:0.577098 
[410]	train-rmse:0.576965 
[411]	train-rmse:0.576923 
[412]	train-rmse:0.576803 
[413]	train-rmse:0.576757 
[414]	train-rmse:0.576700 
[415]	train-rmse:0.576637 
[416]	train-rmse:0.576617 
[417]	train-rmse:0.576501 
[418]	train-rmse:0.576427 
[419]	train-rmse:0.576300 
[420]	train-rmse:0.576248 
[421]	train-rmse:0.576135 
[422]	train-rmse:0.576083 
[423]	train-rmse:0.575943 
[424]	train-rmse:0.575884 
[425]	train-rmse:0.575841 
[426]	train-rmse:0.575789 
[427]	train-rmse:0.575694 
[428]	train-rmse:0.575654 
[429]	train-rmse:0.575556 
[430]	train-rmse:0.575462 
[431]	train-rmse:0.575291 
[432]	train-rmse:0.575181 
[433]	train-rmse:0.575130 
[434]	train-rmse:0.575065 
[435]	train-rmse:0.575050 
[436]	train-rmse:0.574948 
[437]	train-rmse:0.574879 
[438]	train-rmse:0.574818 
[439]	train-rmse:0.574728 
[440]	train-rmse:0.574714 
[441]	train-rmse:0.574621 
[442]	train-rmse:0.574519 
[443]	train-rmse:0.574465 
[444]	train-rmse:0.574439 
[445]	train-rmse:0.574370 
[446]	train-rmse:0.574253 
[447]	train-rmse:0.574229 
[448]	train-rmse:0.574143 
[449]	train-rmse:0.574134 
[450]	train-rmse:0.574013 
[451]	train-rmse:0.573836 
[452]	train-rmse:0.573661 
[453]	train-rmse:0.573602 
[454]	train-rmse:0.573511 
[455]	train-rmse:0.573385 
[456]	train-rmse:0.573325 
[457]	train-rmse:0.573296 
[458]	train-rmse:0.573223 
[459]	train-rmse:0.573065 
[460]	train-rmse:0.572946 
[461]	train-rmse:0.572887 
[462]	train-rmse:0.572863 
[463]	train-rmse:0.572808 
[464]	train-rmse:0.572757 
[465]	train-rmse:0.572721 
[466]	train-rmse:0.572648 
[467]	train-rmse:0.572618 
[468]	train-rmse:0.572540 
[469]	train-rmse:0.572375 
[470]	train-rmse:0.572275 
[471]	train-rmse:0.572196 
[472]	train-rmse:0.572177 
[473]	train-rmse:0.572135 
[474]	train-rmse:0.572029 
[475]	train-rmse:0.571877 
[476]	train-rmse:0.571761 
[477]	train-rmse:0.571676 
[478]	train-rmse:0.571654 
[479]	train-rmse:0.571517 
[480]	train-rmse:0.571420 
[481]	train-rmse:0.571319 
[482]	train-rmse:0.571258 
[483]	train-rmse:0.571232 
[484]	train-rmse:0.571160 
[485]	train-rmse:0.571128 
[486]	train-rmse:0.571011 
[487]	train-rmse:0.570876 
[488]	train-rmse:0.570782 
[489]	train-rmse:0.570693 
[490]	train-rmse:0.570577 
[491]	train-rmse:0.570565 
[492]	train-rmse:0.570494 
[493]	train-rmse:0.570286 
[494]	train-rmse:0.570233 
[495]	train-rmse:0.570131 
[496]	train-rmse:0.570009 
[497]	train-rmse:0.569890 
[498]	train-rmse:0.569798 
[499]	train-rmse:0.569708 
[500]	train-rmse:0.569643 
> pred_xgb = predict(mdl_xgb, test_xgb)
> mse(pred_xgb, test_y)
[1] 0.3840064
> save(mdl_xgb, file = "mdl_xgb.rda")

--------------------------------------------------------------------averaging------------
[575]	train-rmse:0.565389 
[576]	train-rmse:0.565342 
[577]	train-rmse:0.565300 
[578]	train-rmse:0.565258 
[579]	train-rmse:0.565138 
[580]	train-rmse:0.565088 
[581]	train-rmse:0.565074 
[582]	train-rmse:0.565009 
[583]	train-rmse:0.564966 
[584]	train-rmse:0.564950 
[585]	train-rmse:0.564818 
[586]	train-rmse:0.564651 
[587]	train-rmse:0.564624 
[588]	train-rmse:0.564552 
[589]	train-rmse:0.564482 
[590]	train-rmse:0.564446 
[591]	train-rmse:0.564417 
[592]	train-rmse:0.564337 
[593]	train-rmse:0.564259 
[594]	train-rmse:0.564240 
[595]	train-rmse:0.564122 
[596]	train-rmse:0.564005 
[597]	train-rmse:0.563964 
[598]	train-rmse:0.563904 
[599]	train-rmse:0.563842 
[600]	train-rmse:0.563792 
[601]	train-rmse:0.563751 
[602]	train-rmse:0.563656 
[603]	train-rmse:0.563591 
[604]	train-rmse:0.563510 
[605]	train-rmse:0.563392 
[606]	train-rmse:0.563380 
[607]	train-rmse:0.563311 
[608]	train-rmse:0.563201 
[609]	train-rmse:0.563072 
[610]	train-rmse:0.562965 
[611]	train-rmse:0.562840 
[612]	train-rmse:0.562821 
[613]	train-rmse:0.562744 
[614]	train-rmse:0.562689 
[615]	train-rmse:0.562564 
[616]	train-rmse:0.562545 
[617]	train-rmse:0.562443 
[618]	train-rmse:0.562378 
[619]	train-rmse:0.562274 
[620]	train-rmse:0.562224 
[621]	train-rmse:0.562148 
[622]	train-rmse:0.562089 
[623]	train-rmse:0.562036 
[624]	train-rmse:0.561974 
[625]	train-rmse:0.561908 
[626]	train-rmse:0.561869 
[627]	train-rmse:0.561837 
[628]	train-rmse:0.561826 
[629]	train-rmse:0.561728 
[630]	train-rmse:0.561710 
[631]	train-rmse:0.561576 
[632]	train-rmse:0.561398 
[633]	train-rmse:0.561337 
[634]	train-rmse:0.561326 
[635]	train-rmse:0.561235 
[636]	train-rmse:0.561181 
[637]	train-rmse:0.561092 
[638]	train-rmse:0.560993 
[639]	train-rmse:0.560988 
[640]	train-rmse:0.560907 
[641]	train-rmse:0.560865 
[642]	train-rmse:0.560760 
[643]	train-rmse:0.560698 
[644]	train-rmse:0.560596 
[645]	train-rmse:0.560566 
[646]	train-rmse:0.560510 
[647]	train-rmse:0.560368 
[648]	train-rmse:0.560253 
[649]	train-rmse:0.560210 
[650]	train-rmse:0.560150 
[651]	train-rmse:0.560019 
[652]	train-rmse:0.559985 
[653]	train-rmse:0.559884 
[654]	train-rmse:0.559842 
[655]	train-rmse:0.559726 
[656]	train-rmse:0.559632 
[657]	train-rmse:0.559549 
[658]	train-rmse:0.559462 
[659]	train-rmse:0.559447 
[660]	train-rmse:0.559347 
[661]	train-rmse:0.559319 
[662]	train-rmse:0.559285 
[663]	train-rmse:0.559206 
[664]	train-rmse:0.559071 
[665]	train-rmse:0.559045 
[666]	train-rmse:0.558929 
[667]	train-rmse:0.558886 
[668]	train-rmse:0.558831 
[669]	train-rmse:0.558721 
[670]	train-rmse:0.558664 
[671]	train-rmse:0.558559 
[672]	train-rmse:0.558527 
[673]	train-rmse:0.558414 
[674]	train-rmse:0.558280 
[675]	train-rmse:0.558201 
[676]	train-rmse:0.558083 
[677]	train-rmse:0.557998 
[678]	train-rmse:0.557869 
[679]	train-rmse:0.557770 
[680]	train-rmse:0.557751 
[681]	train-rmse:0.557724 
[682]	train-rmse:0.557670 
[683]	train-rmse:0.557637 
[684]	train-rmse:0.557609 
[685]	train-rmse:0.557531 
[686]	train-rmse:0.557481 
[687]	train-rmse:0.557416 
[688]	train-rmse:0.557310 
[689]	train-rmse:0.557252 
[690]	train-rmse:0.557232 
[691]	train-rmse:0.557192 
[692]	train-rmse:0.557147 
[693]	train-rmse:0.557088 
[694]	train-rmse:0.557011 
[695]	train-rmse:0.556952 
[696]	train-rmse:0.556840 
[697]	train-rmse:0.556822 
[698]	train-rmse:0.556769 
[699]	train-rmse:0.556749 
[700]	train-rmse:0.556626 
[701]	train-rmse:0.556584 
[702]	train-rmse:0.556555 
[703]	train-rmse:0.556462 
[704]	train-rmse:0.556389 
[705]	train-rmse:0.556302 
[706]	train-rmse:0.556292 
[707]	train-rmse:0.556280 
[708]	train-rmse:0.556266 
[709]	train-rmse:0.556216 
[710]	train-rmse:0.556197 
[711]	train-rmse:0.556162 
[712]	train-rmse:0.556091 
[713]	train-rmse:0.555985 
[714]	train-rmse:0.555955 
[715]	train-rmse:0.555859 
[716]	train-rmse:0.555821 
[717]	train-rmse:0.555766 
[718]	train-rmse:0.555649 
[719]	train-rmse:0.555530 
[720]	train-rmse:0.555469 
[721]	train-rmse:0.555354 
[722]	train-rmse:0.555316 
[723]	train-rmse:0.555285 
[724]	train-rmse:0.555193 
[725]	train-rmse:0.555137 
[726]	train-rmse:0.555002 
[727]	train-rmse:0.554929 
[728]	train-rmse:0.554885 
[729]	train-rmse:0.554844 
[730]	train-rmse:0.554786 
[731]	train-rmse:0.554744 
[732]	train-rmse:0.554656 
[733]	train-rmse:0.554621 
[734]	train-rmse:0.554588 
[735]	train-rmse:0.554543 
[736]	train-rmse:0.554456 
[737]	train-rmse:0.554364 
[738]	train-rmse:0.554322 
[739]	train-rmse:0.554264 
[740]	train-rmse:0.554244 
[741]	train-rmse:0.554192 
[742]	train-rmse:0.554150 
[743]	train-rmse:0.554096 
[744]	train-rmse:0.554066 
[745]	train-rmse:0.553977 
[746]	train-rmse:0.553954 
[747]	train-rmse:0.553920 
[748]	train-rmse:0.553886 
[749]	train-rmse:0.553794 
[750]	train-rmse:0.553725 
[1]	train-rmse:1.123219 
[2]	train-rmse:1.105749 
[3]	train-rmse:1.088859 
[4]	train-rmse:1.072512 
[5]	train-rmse:1.056566 
[6]	train-rmse:1.041258 
[7]	train-rmse:1.026420 
[8]	train-rmse:1.012083 
[9]	train-rmse:0.998176 
[10]	train-rmse:0.984738 
[11]	train-rmse:0.971839 
[12]	train-rmse:0.959316 
[13]	train-rmse:0.947314 
[14]	train-rmse:0.935672 
[15]	train-rmse:0.924435 
[16]	train-rmse:0.913632 
[17]	train-rmse:0.903073 
[18]	train-rmse:0.893041 
[19]	train-rmse:0.883373 
[20]	train-rmse:0.873901 
[21]	train-rmse:0.864690 
[22]	train-rmse:0.855917 
[23]	train-rmse:0.847481 
[24]	train-rmse:0.839288 
[25]	train-rmse:0.831503 
[26]	train-rmse:0.823969 
[27]	train-rmse:0.816714 
[28]	train-rmse:0.809705 
[29]	train-rmse:0.802849 
[30]	train-rmse:0.796288 
[31]	train-rmse:0.789901 
[32]	train-rmse:0.783852 
[33]	train-rmse:0.777974 
[34]	train-rmse:0.772257 
[35]	train-rmse:0.766796 
[36]	train-rmse:0.761644 
[37]	train-rmse:0.756632 
[38]	train-rmse:0.751874 
[39]	train-rmse:0.747117 
[40]	train-rmse:0.742662 
[41]	train-rmse:0.738401 
[42]	train-rmse:0.734278 
[43]	train-rmse:0.730267 
[44]	train-rmse:0.726413 
[45]	train-rmse:0.722678 
[46]	train-rmse:0.719093 
[47]	train-rmse:0.715604 
[48]	train-rmse:0.712251 
[49]	train-rmse:0.709037 
[50]	train-rmse:0.705782 
[51]	train-rmse:0.702774 
[52]	train-rmse:0.699912 
[53]	train-rmse:0.697174 
[54]	train-rmse:0.694526 
[55]	train-rmse:0.691973 
[56]	train-rmse:0.689441 
[57]	train-rmse:0.686988 
[58]	train-rmse:0.684680 
[59]	train-rmse:0.682441 
[60]	train-rmse:0.680211 
[61]	train-rmse:0.678109 
[62]	train-rmse:0.676075 
[63]	train-rmse:0.674152 
[64]	train-rmse:0.672311 
[65]	train-rmse:0.670508 
[66]	train-rmse:0.668733 
[67]	train-rmse:0.667044 
[68]	train-rmse:0.665357 
[69]	train-rmse:0.663807 
[70]	train-rmse:0.662351 
[71]	train-rmse:0.660892 
[72]	train-rmse:0.659494 
[73]	train-rmse:0.658210 
[74]	train-rmse:0.656904 
[75]	train-rmse:0.655470 
[76]	train-rmse:0.654207 
[77]	train-rmse:0.653014 
[78]	train-rmse:0.651823 
[79]	train-rmse:0.650601 
[80]	train-rmse:0.649572 
[81]	train-rmse:0.648446 
[82]	train-rmse:0.647388 
[83]	train-rmse:0.646349 
[84]	train-rmse:0.645372 
[85]	train-rmse:0.644400 
[86]	train-rmse:0.643407 
[87]	train-rmse:0.642497 
[88]	train-rmse:0.641624 
[89]	train-rmse:0.640714 
[90]	train-rmse:0.639837 
[91]	train-rmse:0.639082 
[92]	train-rmse:0.638225 
[93]	train-rmse:0.637443 
[94]	train-rmse:0.636645 
[95]	train-rmse:0.635925 
[96]	train-rmse:0.635170 
[97]	train-rmse:0.634448 
[98]	train-rmse:0.633741 
[99]	train-rmse:0.633046 
[100]	train-rmse:0.632426 
[101]	train-rmse:0.631848 
[102]	train-rmse:0.631217 
[103]	train-rmse:0.630607 
[104]	train-rmse:0.629968 
[105]	train-rmse:0.629400 
[106]	train-rmse:0.628761 
[107]	train-rmse:0.628162 
[108]	train-rmse:0.627641 
[109]	train-rmse:0.627129 
[110]	train-rmse:0.626571 
[111]	train-rmse:0.626052 
[112]	train-rmse:0.625524 
[113]	train-rmse:0.625113 
[114]	train-rmse:0.624596 
[115]	train-rmse:0.624102 
[116]	train-rmse:0.623575 
[117]	train-rmse:0.623065 
[118]	train-rmse:0.622626 
[119]	train-rmse:0.622187 
[120]	train-rmse:0.621689 
[121]	train-rmse:0.621274 
[122]	train-rmse:0.620817 
[123]	train-rmse:0.620486 
[124]	train-rmse:0.620022 
[125]	train-rmse:0.619580 
[126]	train-rmse:0.619174 
[127]	train-rmse:0.618741 
[128]	train-rmse:0.618385 
[129]	train-rmse:0.617980 
[130]	train-rmse:0.617697 
[131]	train-rmse:0.617413 
[132]	train-rmse:0.617084 
[133]	train-rmse:0.616655 
[134]	train-rmse:0.616264 
[135]	train-rmse:0.615923 
[136]	train-rmse:0.615581 
[137]	train-rmse:0.615256 
[138]	train-rmse:0.614905 
[139]	train-rmse:0.614712 
[140]	train-rmse:0.614327 
[141]	train-rmse:0.614124 
[142]	train-rmse:0.613786 
[143]	train-rmse:0.613508 
[144]	train-rmse:0.613239 
[145]	train-rmse:0.612851 
[146]	train-rmse:0.612524 
[147]	train-rmse:0.612240 
[148]	train-rmse:0.611942 
[149]	train-rmse:0.611615 
[150]	train-rmse:0.611335 
[151]	train-rmse:0.611081 
[152]	train-rmse:0.610804 
[153]	train-rmse:0.610549 
[154]	train-rmse:0.610244 
[155]	train-rmse:0.609986 
[156]	train-rmse:0.609753 
[157]	train-rmse:0.609434 
[158]	train-rmse:0.609130 
[159]	train-rmse:0.608882 
[160]	train-rmse:0.608638 
[161]	train-rmse:0.608324 
[162]	train-rmse:0.608094 
[163]	train-rmse:0.607831 
[164]	train-rmse:0.607589 
[165]	train-rmse:0.607329 
[166]	train-rmse:0.607134 
[167]	train-rmse:0.606792 
[168]	train-rmse:0.606537 
[169]	train-rmse:0.606318 
[170]	train-rmse:0.606110 
[171]	train-rmse:0.605861 
[172]	train-rmse:0.605640 
[173]	train-rmse:0.605427 
[174]	train-rmse:0.605214 
[175]	train-rmse:0.605044 
[176]	train-rmse:0.604842 
[177]	train-rmse:0.604679 
[178]	train-rmse:0.604502 
[179]	train-rmse:0.604370 
[180]	train-rmse:0.604090 
[181]	train-rmse:0.603893 
[182]	train-rmse:0.603654 
[183]	train-rmse:0.603421 
[184]	train-rmse:0.603179 
[185]	train-rmse:0.602993 
[186]	train-rmse:0.602739 
[187]	train-rmse:0.602567 
[188]	train-rmse:0.602373 
[189]	train-rmse:0.602151 
[190]	train-rmse:0.602022 
[191]	train-rmse:0.601789 
[192]	train-rmse:0.601592 
[193]	train-rmse:0.601375 
[194]	train-rmse:0.601212 
[195]	train-rmse:0.601036 
[196]	train-rmse:0.600861 
[197]	train-rmse:0.600697 
[198]	train-rmse:0.600478 
[199]	train-rmse:0.600348 
[200]	train-rmse:0.600186 
[201]	train-rmse:0.599968 
[202]	train-rmse:0.599786 
[203]	train-rmse:0.599618 
[204]	train-rmse:0.599483 
[205]	train-rmse:0.599275 
[206]	train-rmse:0.599189 
[207]	train-rmse:0.599025 
[208]	train-rmse:0.598963 
[209]	train-rmse:0.598776 
[210]	train-rmse:0.598482 
[211]	train-rmse:0.598384 
[212]	train-rmse:0.598141 
[213]	train-rmse:0.598072 
[214]	train-rmse:0.597823 
[215]	train-rmse:0.597625 
[216]	train-rmse:0.597457 
[217]	train-rmse:0.597312 
[218]	train-rmse:0.597094 
[219]	train-rmse:0.596876 
[220]	train-rmse:0.596692 
[221]	train-rmse:0.596478 
[222]	train-rmse:0.596383 
[223]	train-rmse:0.596215 
[224]	train-rmse:0.596041 
[225]	train-rmse:0.595867 
[226]	train-rmse:0.595752 
[227]	train-rmse:0.595591 
[228]	train-rmse:0.595437 
[229]	train-rmse:0.595365 
[230]	train-rmse:0.595213 
[231]	train-rmse:0.595020 
[232]	train-rmse:0.594845 
[233]	train-rmse:0.594704 
[234]	train-rmse:0.594636 
[235]	train-rmse:0.594495 
[236]	train-rmse:0.594237 
[237]	train-rmse:0.594096 
[238]	train-rmse:0.593976 
[239]	train-rmse:0.593853 
[240]	train-rmse:0.593687 
[241]	train-rmse:0.593576 
[242]	train-rmse:0.593538 
[243]	train-rmse:0.593459 
[244]	train-rmse:0.593290 
[245]	train-rmse:0.593246 
[246]	train-rmse:0.593157 
[247]	train-rmse:0.593096 
[248]	train-rmse:0.592953 
[249]	train-rmse:0.592874 
[250]	train-rmse:0.592733 
[251]	train-rmse:0.592658 
[252]	train-rmse:0.592582 
[253]	train-rmse:0.592447 
[254]	train-rmse:0.592359 
[255]	train-rmse:0.592274 
[256]	train-rmse:0.592184 
[257]	train-rmse:0.592077 
[258]	train-rmse:0.591962 
[259]	train-rmse:0.591921 
[260]	train-rmse:0.591785 
[261]	train-rmse:0.591692 
[262]	train-rmse:0.591540 
[263]	train-rmse:0.591369 
[264]	train-rmse:0.591207 
[265]	train-rmse:0.591035 
[266]	train-rmse:0.590949 
[267]	train-rmse:0.590888 
[268]	train-rmse:0.590759 
[269]	train-rmse:0.590537 
[270]	train-rmse:0.590396 
[271]	train-rmse:0.590317 
[272]	train-rmse:0.590091 
[273]	train-rmse:0.589944 
[274]	train-rmse:0.589801 
[275]	train-rmse:0.589739 
[276]	train-rmse:0.589607 
[277]	train-rmse:0.589493 
[278]	train-rmse:0.589435 
[279]	train-rmse:0.589318 
[280]	train-rmse:0.589273 
[281]	train-rmse:0.589210 
[282]	train-rmse:0.589158 
[283]	train-rmse:0.589075 
[284]	train-rmse:0.588940 
[285]	train-rmse:0.588892 
[286]	train-rmse:0.588787 
[287]	train-rmse:0.588677 
[288]	train-rmse:0.588520 
[289]	train-rmse:0.588464 
[290]	train-rmse:0.588343 
[291]	train-rmse:0.588192 
[292]	train-rmse:0.588143 
[293]	train-rmse:0.588112 
[294]	train-rmse:0.587956 
[295]	train-rmse:0.587824 
[296]	train-rmse:0.587750 
[297]	train-rmse:0.587715 
[298]	train-rmse:0.587665 
[299]	train-rmse:0.587525 
[300]	train-rmse:0.587436 
[301]	train-rmse:0.587255 
[302]	train-rmse:0.587183 
[303]	train-rmse:0.587124 
[304]	train-rmse:0.586932 
[305]	train-rmse:0.586801 
[306]	train-rmse:0.586752 
[307]	train-rmse:0.586735 
[308]	train-rmse:0.586663 
[309]	train-rmse:0.586629 
[310]	train-rmse:0.586511 
[311]	train-rmse:0.586459 
[312]	train-rmse:0.586324 
[313]	train-rmse:0.586178 
[314]	train-rmse:0.586129 
[315]	train-rmse:0.586073 
[316]	train-rmse:0.585936 
[317]	train-rmse:0.585832 
[318]	train-rmse:0.585712 
[319]	train-rmse:0.585560 
[320]	train-rmse:0.585473 
[321]	train-rmse:0.585267 
[322]	train-rmse:0.585199 
[323]	train-rmse:0.585070 
[324]	train-rmse:0.584949 
[325]	train-rmse:0.584892 
[326]	train-rmse:0.584749 
[327]	train-rmse:0.584655 
[328]	train-rmse:0.584569 
[329]	train-rmse:0.584431 
[330]	train-rmse:0.584308 
[331]	train-rmse:0.584276 
[332]	train-rmse:0.584153 
[333]	train-rmse:0.584065 
[334]	train-rmse:0.583907 
[335]	train-rmse:0.583768 
[336]	train-rmse:0.583686 
[337]	train-rmse:0.583632 
[338]	train-rmse:0.583506 
[339]	train-rmse:0.583355 
[340]	train-rmse:0.583188 
[341]	train-rmse:0.583156 
[342]	train-rmse:0.583107 
[343]	train-rmse:0.582924 
[344]	train-rmse:0.582804 
[345]	train-rmse:0.582738 
[346]	train-rmse:0.582689 
[347]	train-rmse:0.582584 
[348]	train-rmse:0.582476 
[349]	train-rmse:0.582372 
[350]	train-rmse:0.582303 
[351]	train-rmse:0.582172 
[352]	train-rmse:0.582105 
[353]	train-rmse:0.582046 
[354]	train-rmse:0.582025 
[355]	train-rmse:0.581983 
[356]	train-rmse:0.581966 
[357]	train-rmse:0.581863 
[358]	train-rmse:0.581752 
[359]	train-rmse:0.581549 
[360]	train-rmse:0.581448 
[361]	train-rmse:0.581409 
[362]	train-rmse:0.581351 
[363]	train-rmse:0.581219 
[364]	train-rmse:0.581143 
[365]	train-rmse:0.581039 
[366]	train-rmse:0.580872 
[367]	train-rmse:0.580750 
[368]	train-rmse:0.580617 
[369]	train-rmse:0.580545 
[370]	train-rmse:0.580417 
[371]	train-rmse:0.580368 
[372]	train-rmse:0.580266 
[373]	train-rmse:0.580166 
[374]	train-rmse:0.580120 
[375]	train-rmse:0.580028 
[376]	train-rmse:0.579928 
[377]	train-rmse:0.579824 
[378]	train-rmse:0.579737 
[379]	train-rmse:0.579658 
[380]	train-rmse:0.579644 
[381]	train-rmse:0.579551 
[382]	train-rmse:0.579455 
[383]	train-rmse:0.579352 
[384]	train-rmse:0.579263 
[385]	train-rmse:0.579194 
[386]	train-rmse:0.579072 
[387]	train-rmse:0.578979 
[388]	train-rmse:0.578929 
[389]	train-rmse:0.578825 
[390]	train-rmse:0.578671 
[391]	train-rmse:0.578583 
[392]	train-rmse:0.578514 
[393]	train-rmse:0.578411 
[394]	train-rmse:0.578330 
[395]	train-rmse:0.578250 
[396]	train-rmse:0.578183 
[397]	train-rmse:0.578158 
[398]	train-rmse:0.578080 
[399]	train-rmse:0.578042 
[400]	train-rmse:0.577979 
[401]	train-rmse:0.577896 
[402]	train-rmse:0.577817 
[403]	train-rmse:0.577752 
[404]	train-rmse:0.577716 
[405]	train-rmse:0.577634 
[406]	train-rmse:0.577528 
[407]	train-rmse:0.577468 
[408]	train-rmse:0.577440 
[409]	train-rmse:0.577285 
[410]	train-rmse:0.577142 
[411]	train-rmse:0.576994 
[412]	train-rmse:0.576867 
[413]	train-rmse:0.576856 
[414]	train-rmse:0.576734 
[415]	train-rmse:0.576614 
[416]	train-rmse:0.576568 
[417]	train-rmse:0.576485 
[418]	train-rmse:0.576364 
[419]	train-rmse:0.576254 
[420]	train-rmse:0.576228 
[421]	train-rmse:0.576187 
[422]	train-rmse:0.576068 
[423]	train-rmse:0.575934 
[424]	train-rmse:0.575799 
[425]	train-rmse:0.575778 
[426]	train-rmse:0.575721 
[427]	train-rmse:0.575675 
[428]	train-rmse:0.575633 
[429]	train-rmse:0.575450 
[430]	train-rmse:0.575287 
[431]	train-rmse:0.575183 
[432]	train-rmse:0.575006 
[433]	train-rmse:0.574933 
[434]	train-rmse:0.574808 
[435]	train-rmse:0.574705 
[436]	train-rmse:0.574587 
[437]	train-rmse:0.574544 
[438]	train-rmse:0.574418 
[439]	train-rmse:0.574384 
[440]	train-rmse:0.574271 
[441]	train-rmse:0.574107 
[442]	train-rmse:0.574029 
[443]	train-rmse:0.573956 
[444]	train-rmse:0.573835 
[445]	train-rmse:0.573780 
[446]	train-rmse:0.573765 
[447]	train-rmse:0.573710 
[448]	train-rmse:0.573674 
[449]	train-rmse:0.573649 
[450]	train-rmse:0.573564 
[451]	train-rmse:0.573449 
[452]	train-rmse:0.573365 
[453]	train-rmse:0.573291 
[454]	train-rmse:0.573249 
[455]	train-rmse:0.573172 
[456]	train-rmse:0.573121 
[457]	train-rmse:0.572942 
[458]	train-rmse:0.572851 
[459]	train-rmse:0.572747 
[460]	train-rmse:0.572610 
[461]	train-rmse:0.572474 
[462]	train-rmse:0.572395 
[463]	train-rmse:0.572349 
[464]	train-rmse:0.572343 
[465]	train-rmse:0.572285 
[466]	train-rmse:0.572202 
[467]	train-rmse:0.572107 
[468]	train-rmse:0.571999 
[469]	train-rmse:0.571911 
[470]	train-rmse:0.571833 
[471]	train-rmse:0.571716 
[472]	train-rmse:0.571634 
[473]	train-rmse:0.571616 
[474]	train-rmse:0.571483 
[475]	train-rmse:0.571443 
[476]	train-rmse:0.571361 
[477]	train-rmse:0.571294 
[478]	train-rmse:0.571101 
[479]	train-rmse:0.570915 
[480]	train-rmse:0.570845 
[481]	train-rmse:0.570770 
[482]	train-rmse:0.570681 
[483]	train-rmse:0.570644 
[484]	train-rmse:0.570606 
[485]	train-rmse:0.570544 
[486]	train-rmse:0.570486 
[487]	train-rmse:0.570397 
[488]	train-rmse:0.570311 
[489]	train-rmse:0.570242 
[490]	train-rmse:0.570087 
[491]	train-rmse:0.570073 
[492]	train-rmse:0.570011 
[493]	train-rmse:0.569992 
[494]	train-rmse:0.569858 
[495]	train-rmse:0.569836 
[496]	train-rmse:0.569803 
[497]	train-rmse:0.569788 
[498]	train-rmse:0.569702 
[499]	train-rmse:0.569659 
[500]	train-rmse:0.569621 
[501]	train-rmse:0.569567 
[502]	train-rmse:0.569516 
[503]	train-rmse:0.569429 
[504]	train-rmse:0.569321 
[505]	train-rmse:0.569248 
[506]	train-rmse:0.569171 
[507]	train-rmse:0.569124 
[508]	train-rmse:0.568997 
[509]	train-rmse:0.568866 
[510]	train-rmse:0.568772 
[511]	train-rmse:0.568678 
[512]	train-rmse:0.568600 
[513]	train-rmse:0.568524 
[514]	train-rmse:0.568410 
[515]	train-rmse:0.568325 
[516]	train-rmse:0.568316 
[517]	train-rmse:0.568254 
[518]	train-rmse:0.568128 
[519]	train-rmse:0.567983 
[520]	train-rmse:0.567961 
[521]	train-rmse:0.567840 
[522]	train-rmse:0.567770 
[523]	train-rmse:0.567656 
[524]	train-rmse:0.567622 
[525]	train-rmse:0.567585 
[526]	train-rmse:0.567516 
[527]	train-rmse:0.567460 
[528]	train-rmse:0.567356 
[529]	train-rmse:0.567285 
[530]	train-rmse:0.567218 
[531]	train-rmse:0.567124 
[532]	train-rmse:0.567075 
[533]	train-rmse:0.566966 
[534]	train-rmse:0.566866 
[535]	train-rmse:0.566856 
[536]	train-rmse:0.566825 
[537]	train-rmse:0.566794 
[538]	train-rmse:0.566779 
[539]	train-rmse:0.566736 
[540]	train-rmse:0.566696 
[541]	train-rmse:0.566612 
[542]	train-rmse:0.566561 
[543]	train-rmse:0.566462 
[544]	train-rmse:0.566428 
[545]	train-rmse:0.566343 
[546]	train-rmse:0.566322 
[547]	train-rmse:0.566185 
[548]	train-rmse:0.566100 
[549]	train-rmse:0.566034 
[550]	train-rmse:0.565875 
[551]	train-rmse:0.565850 
[552]	train-rmse:0.565807 
[553]	train-rmse:0.565708 
[554]	train-rmse:0.565639 
[555]	train-rmse:0.565572 
[556]	train-rmse:0.565493 
[557]	train-rmse:0.565479 
[558]	train-rmse:0.565468 
[559]	train-rmse:0.565442 
[560]	train-rmse:0.565420 
[561]	train-rmse:0.565312 
[562]	train-rmse:0.565246 
[563]	train-rmse:0.565157 
[564]	train-rmse:0.565018 
[565]	train-rmse:0.564936 
[566]	train-rmse:0.564878 
[567]	train-rmse:0.564862 
[568]	train-rmse:0.564758 
[569]	train-rmse:0.564704 
[570]	train-rmse:0.564607 
[571]	train-rmse:0.564507 
[572]	train-rmse:0.564424 
[573]	train-rmse:0.564322 
[574]	train-rmse:0.564284 
[575]	train-rmse:0.564211 
[576]	train-rmse:0.564185 
[577]	train-rmse:0.564062 
[578]	train-rmse:0.564001 
[579]	train-rmse:0.563906 
[580]	train-rmse:0.563756 
[581]	train-rmse:0.563672 
[582]	train-rmse:0.563609 
[583]	train-rmse:0.563600 
[584]	train-rmse:0.563586 
[585]	train-rmse:0.563556 
[586]	train-rmse:0.563513 
[587]	train-rmse:0.563427 
[588]	train-rmse:0.563328 
[589]	train-rmse:0.563244 
[590]	train-rmse:0.563123 
[591]	train-rmse:0.563005 
[592]	train-rmse:0.562948 
[593]	train-rmse:0.562846 
[594]	train-rmse:0.562760 
[595]	train-rmse:0.562736 
[596]	train-rmse:0.562654 
[597]	train-rmse:0.562572 
[598]	train-rmse:0.562482 
[599]	train-rmse:0.562456 
[600]	train-rmse:0.562403 
[601]	train-rmse:0.562385 
[602]	train-rmse:0.562263 
[603]	train-rmse:0.562209 
[604]	train-rmse:0.562073 
[605]	train-rmse:0.562021 
[606]	train-rmse:0.561893 
[607]	train-rmse:0.561840 
[608]	train-rmse:0.561826 
[609]	train-rmse:0.561753 
[610]	train-rmse:0.561729 
[611]	train-rmse:0.561695 
[612]	train-rmse:0.561672 
[613]	train-rmse:0.561638 
[614]	train-rmse:0.561527 
[615]	train-rmse:0.561398 
[616]	train-rmse:0.561371 
[617]	train-rmse:0.561353 
[618]	train-rmse:0.561184 
[619]	train-rmse:0.561147 
[620]	train-rmse:0.561058 
[621]	train-rmse:0.560995 
[622]	train-rmse:0.560910 
[623]	train-rmse:0.560889 
[624]	train-rmse:0.560765 
[625]	train-rmse:0.560700 
[626]	train-rmse:0.560636 
[627]	train-rmse:0.560535 
[628]	train-rmse:0.560445 
[629]	train-rmse:0.560305 
[630]	train-rmse:0.560216 
[631]	train-rmse:0.560176 
[632]	train-rmse:0.560164 
[633]	train-rmse:0.560074 
[634]	train-rmse:0.559944 
[635]	train-rmse:0.559910 
[636]	train-rmse:0.559778 
[637]	train-rmse:0.559683 
[638]	train-rmse:0.559647 
[639]	train-rmse:0.559613 
[640]	train-rmse:0.559521 
[641]	train-rmse:0.559409 
[642]	train-rmse:0.559373 
[643]	train-rmse:0.559326 
[644]	train-rmse:0.559266 
[645]	train-rmse:0.559163 
[646]	train-rmse:0.559123 
[647]	train-rmse:0.559055 
[648]	train-rmse:0.558998 
[649]	train-rmse:0.558963 
[650]	train-rmse:0.558872 
[651]	train-rmse:0.558838 
[652]	train-rmse:0.558823 
[653]	train-rmse:0.558733 
[654]	train-rmse:0.558730 
[655]	train-rmse:0.558620 
[656]	train-rmse:0.558553 
[657]	train-rmse:0.558494 
[658]	train-rmse:0.558429 
[659]	train-rmse:0.558389 
[660]	train-rmse:0.558342 
[661]	train-rmse:0.558342 
[662]	train-rmse:0.558332 
[663]	train-rmse:0.558277 
[664]	train-rmse:0.558252 
[665]	train-rmse:0.558128 
[666]	train-rmse:0.558110 
[667]	train-rmse:0.558082 
[668]	train-rmse:0.558026 
[669]	train-rmse:0.557963 
[670]	train-rmse:0.557924 
[671]	train-rmse:0.557873 
[672]	train-rmse:0.557828 
[673]	train-rmse:0.557734 
[674]	train-rmse:0.557677 
[675]	train-rmse:0.557568 
[676]	train-rmse:0.557543 
[677]	train-rmse:0.557518 
[678]	train-rmse:0.557434 
[679]	train-rmse:0.557335 
[680]	train-rmse:0.557280 
[681]	train-rmse:0.557258 
[682]	train-rmse:0.557148 
[683]	train-rmse:0.557133 
[684]	train-rmse:0.557082 
[685]	train-rmse:0.557008 
[686]	train-rmse:0.556910 
[687]	train-rmse:0.556850 
[688]	train-rmse:0.556801 
[689]	train-rmse:0.556784 
[690]	train-rmse:0.556706 
[691]	train-rmse:0.556654 
[692]	train-rmse:0.556639 
[693]	train-rmse:0.556602 
[694]	train-rmse:0.556594 
[695]	train-rmse:0.556578 
[696]	train-rmse:0.556494 
[697]	train-rmse:0.556494 
[698]	train-rmse:0.556454 
[699]	train-rmse:0.556388 
[700]	train-rmse:0.556294 
[701]	train-rmse:0.556264 
[702]	train-rmse:0.556221 
[703]	train-rmse:0.556127 
[704]	train-rmse:0.556096 
[705]	train-rmse:0.556087 
[706]	train-rmse:0.556067 
[707]	train-rmse:0.556032 
[708]	train-rmse:0.555980 
[709]	train-rmse:0.555872 
[710]	train-rmse:0.555806 
[711]	train-rmse:0.555771 
[712]	train-rmse:0.555708 
[713]	train-rmse:0.555634 
[714]	train-rmse:0.555615 
[715]	train-rmse:0.555557 
[716]	train-rmse:0.555540 
[717]	train-rmse:0.555414 
[718]	train-rmse:0.555329 
[719]	train-rmse:0.555241 
[720]	train-rmse:0.555198 
[721]	train-rmse:0.555122 
[722]	train-rmse:0.555047 
[723]	train-rmse:0.554998 
[724]	train-rmse:0.554896 
[725]	train-rmse:0.554809 
[726]	train-rmse:0.554694 
[727]	train-rmse:0.554582 
[728]	train-rmse:0.554527 
[729]	train-rmse:0.554515 
[730]	train-rmse:0.554479 
[731]	train-rmse:0.554470 
[732]	train-rmse:0.554376 
[733]	train-rmse:0.554376 
[734]	train-rmse:0.554281 
[735]	train-rmse:0.554240 
[736]	train-rmse:0.554171 
[737]	train-rmse:0.554071 
[738]	train-rmse:0.553992 
[739]	train-rmse:0.553869 
[740]	train-rmse:0.553833 
[741]	train-rmse:0.553799 
[742]	train-rmse:0.553787 
[743]	train-rmse:0.553753 
[744]	train-rmse:0.553679 
[745]	train-rmse:0.553590 
[746]	train-rmse:0.553559 
[747]	train-rmse:0.553531 
[748]	train-rmse:0.553447 
[749]	train-rmse:0.553420 
[750]	train-rmse:0.553382 
> save(mdl_xgb, file = "mdl_xgb.avg.rda")
> 
> # fit random forest
> pred_rf = foreach(i = 1:n, .combine = cbind) %do% {
+   mdl_rf = ranger(V281 ~ ., data = train, num.trees = 750, mtry = 120, write.forest = T)
+   return(predict(mdl_rf, test)$predictions)
+ }
Growing trees.. Progress: 7%. Estimated remaining time: 7 minutes, 14 seconds.
Growing trees.. Progress: 15%. Estimated remaining time: 5 minutes, 56 seconds.
Growing trees.. Progress: 23%. Estimated remaining time: 5 minutes, 23 seconds.
Growing trees.. Progress: 31%. Estimated remaining time: 4 minutes, 44 seconds.
Growing trees.. Progress: 39%. Estimated remaining time: 4 minutes, 6 seconds.
Growing trees.. Progress: 47%. Estimated remaining time: 3 minutes, 34 seconds.
Growing trees.. Progress: 55%. Estimated remaining time: 3 minutes, 0 seconds.
Growing trees.. Progress: 63%. Estimated remaining time: 2 minutes, 28 seconds.
Growing trees.. Progress: 71%. Estimated remaining time: 1 minute, 56 seconds.
Growing trees.. Progress: 79%. Estimated remaining time: 1 minute, 25 seconds.
Growing trees.. Progress: 87%. Estimated remaining time: 52 seconds.
Growing trees.. Progress: 95%. Estimated remaining time: 21 seconds.
Growing trees.. Progress: 7%. Estimated remaining time: 7 minutes, 23 seconds.
Growing trees.. Progress: 15%. Estimated remaining time: 6 minutes, 0 seconds.
Growing trees.. Progress: 23%. Estimated remaining time: 5 minutes, 12 seconds.
Growing trees.. Progress: 31%. Estimated remaining time: 4 minutes, 44 seconds.
Growing trees.. Progress: 39%. Estimated remaining time: 4 minutes, 9 seconds.
Growing trees.. Progress: 47%. Estimated remaining time: 3 minutes, 37 seconds.
Growing trees.. Progress: 55%. Estimated remaining time: 3 minutes, 2 seconds.
Growing trees.. Progress: 63%. Estimated remaining time: 2 minutes, 31 seconds.
Growing trees.. Progress: 71%. Estimated remaining time: 1 minute, 58 seconds.
Growing trees.. Progress: 79%. Estimated remaining time: 1 minute, 26 seconds.
Growing trees.. Progress: 87%. Estimated remaining time: 54 seconds.
Growing trees.. Progress: 94%. Estimated remaining time: 22 seconds.
Growing trees.. Progress: 7%. Estimated remaining time: 7 minutes, 23 seconds.
Growing trees.. Progress: 15%. Estimated remaining time: 6 minutes, 0 seconds.
Growing trees.. Progress: 23%. Estimated remaining time: 5 minutes, 23 seconds.
Growing trees.. Progress: 30%. Estimated remaining time: 4 minutes, 48 seconds.
Growing trees.. Progress: 38%. Estimated remaining time: 4 minutes, 11 seconds.
Growing trees.. Progress: 46%. Estimated remaining time: 3 minutes, 38 seconds.
Growing trees.. Progress: 54%. Estimated remaining time: 3 minutes, 7 seconds.
Growing trees.. Progress: 62%. Estimated remaining time: 2 minutes, 34 seconds.
Growing trees.. Progress: 70%. Estimated remaining time: 2 minutes, 2 seconds.
Growing trees.. Progress: 77%. Estimated remaining time: 1 minute, 31 seconds.
Growing trees.. Progress: 85%. Estimated remaining time: 59 seconds.
Growing trees.. Progress: 93%. Estimated remaining time: 27 seconds.
Growing trees.. Progress: 100%. Estimated remaining time: 0 seconds.
Growing trees.. Progress: 7%. Estimated remaining time: 7 minutes, 23 seconds.
Growing trees.. Progress: 15%. Estimated remaining time: 5 minutes, 56 seconds.
Growing trees.. Progress: 22%. Estimated remaining time: 5 minutes, 22 seconds.
Growing trees.. Progress: 30%. Estimated remaining time: 4 minutes, 45 seconds.
Growing trees.. Progress: 38%. Estimated remaining time: 4 minutes, 14 seconds.
Growing trees.. Progress: 46%. Estimated remaining time: 3 minutes, 39 seconds.
Growing trees.. Progress: 54%. Estimated remaining time: 3 minutes, 7 seconds.
Growing trees.. Progress: 62%. Estimated remaining time: 2 minutes, 34 seconds.
Growing trees.. Progress: 69%. Estimated remaining time: 2 minutes, 3 seconds.
Growing trees.. Progress: 77%. Estimated remaining time: 1 minute, 31 seconds.
Growing trees.. Progress: 85%. Estimated remaining time: 59 seconds.
Growing trees.. Progress: 93%. Estimated remaining time: 28 seconds.
Growing trees.. Progress: 100%. Estimated remaining time: 0 seconds.
Growing trees.. Progress: 7%. Estimated remaining time: 7 minutes, 23 seconds.
Growing trees.. Progress: 15%. Estimated remaining time: 5 minutes, 58 seconds.
Growing trees.. Progress: 23%. Estimated remaining time: 5 minutes, 24 seconds.
Growing trees.. Progress: 31%. Estimated remaining time: 4 minutes, 44 seconds.
Growing trees.. Progress: 38%. Estimated remaining time: 4 minutes, 11 seconds.
Growing trees.. Progress: 46%. Estimated remaining time: 3 minutes, 38 seconds.
Growing trees.. Progress: 54%. Estimated remaining time: 3 minutes, 6 seconds.
Growing trees.. Progress: 62%. Estimated remaining time: 2 minutes, 34 seconds.
Growing trees.. Progress: 70%. Estimated remaining time: 2 minutes, 2 seconds.
Growing trees.. Progress: 78%. Estimated remaining time: 1 minute, 29 seconds.
Growing trees.. Progress: 85%. Estimated remaining time: 59 seconds.
Growing trees.. Progress: 93%. Estimated remaining time: 27 seconds.
> save(mdl_rf, file = "mdl_rf.avg.rda") 
> 
> # weighted average
> mse(rowMeans(pred_rf) * 0.25 + rowMeans(pred_xgb) * 0.75, test_y)
[1] 0.3811796
-----------------------------------------------------------------------------------------------

[534]	train-rmse:0.554281 
[535]	train-rmse:0.554197 
[536]	train-rmse:0.554073 
[537]	train-rmse:0.554054 
[538]	train-rmse:0.553959 
[539]	train-rmse:0.553881 
[540]	train-rmse:0.553782 
[541]	train-rmse:0.553707 
[542]	train-rmse:0.553656 
[543]	train-rmse:0.553579 
[544]	train-rmse:0.553438 
[545]	train-rmse:0.553348 
[546]	train-rmse:0.553323 
[547]	train-rmse:0.553243 
[548]	train-rmse:0.553146 
[549]	train-rmse:0.553134 
[550]	train-rmse:0.553110 
[551]	train-rmse:0.552958 
[552]	train-rmse:0.552791 
[553]	train-rmse:0.552677 
[554]	train-rmse:0.552609 
[555]	train-rmse:0.552565 
[556]	train-rmse:0.552392 
[557]	train-rmse:0.552338 
[558]	train-rmse:0.552277 
[559]	train-rmse:0.552206 
[560]	train-rmse:0.552101 
[561]	train-rmse:0.551980 
[562]	train-rmse:0.551888 
[563]	train-rmse:0.551793 
[564]	train-rmse:0.551692 
[565]	train-rmse:0.551652 
[566]	train-rmse:0.551585 
[567]	train-rmse:0.551541 
[568]	train-rmse:0.551422 
[569]	train-rmse:0.551329 
[570]	train-rmse:0.551283 
[571]	train-rmse:0.551119 
[572]	train-rmse:0.551037 
[573]	train-rmse:0.550937 
[574]	train-rmse:0.550921 
[575]	train-rmse:0.550861 
[576]	train-rmse:0.550757 
[577]	train-rmse:0.550609 
[578]	train-rmse:0.550578 
[579]	train-rmse:0.550476 
[580]	train-rmse:0.550426 
[581]	train-rmse:0.550287 
[582]	train-rmse:0.550254 
[583]	train-rmse:0.550171 
[584]	train-rmse:0.550127 
[585]	train-rmse:0.550064 
[586]	train-rmse:0.550012 
[587]	train-rmse:0.549922 
[588]	train-rmse:0.549818 
[589]	train-rmse:0.549679 
[590]	train-rmse:0.549596 
[591]	train-rmse:0.549554 
[592]	train-rmse:0.549541 
[593]	train-rmse:0.549481 
[594]	train-rmse:0.549419 
[595]	train-rmse:0.549346 
[596]	train-rmse:0.549312 
[597]	train-rmse:0.549290 
[598]	train-rmse:0.549165 
[599]	train-rmse:0.549101 
[600]	train-rmse:0.549050 
[601]	train-rmse:0.548938 
[602]	train-rmse:0.548790 
[603]	train-rmse:0.548721 
[604]	train-rmse:0.548658 
[605]	train-rmse:0.548556 
[606]	train-rmse:0.548426 
[607]	train-rmse:0.548426 
[608]	train-rmse:0.548325 
[609]	train-rmse:0.548180 
[610]	train-rmse:0.548151 
[611]	train-rmse:0.548119 
[612]	train-rmse:0.548065 
[613]	train-rmse:0.548049 
[614]	train-rmse:0.547985 
[615]	train-rmse:0.547907 
[616]	train-rmse:0.547843 
[617]	train-rmse:0.547746 
[618]	train-rmse:0.547717 
[619]	train-rmse:0.547568 
[620]	train-rmse:0.547543 
[621]	train-rmse:0.547453 
[622]	train-rmse:0.547422 
[623]	train-rmse:0.547422 
[624]	train-rmse:0.547414 
[625]	train-rmse:0.547374 
[626]	train-rmse:0.547293 
[627]	train-rmse:0.547242 
[628]	train-rmse:0.547167 
[629]	train-rmse:0.547149 
[630]	train-rmse:0.547070 
[631]	train-rmse:0.546966 
[632]	train-rmse:0.546924 
[633]	train-rmse:0.546864 
[634]	train-rmse:0.546737 
[635]	train-rmse:0.546730 
[636]	train-rmse:0.546705 
[637]	train-rmse:0.546598 
[638]	train-rmse:0.546519 
[639]	train-rmse:0.546481 
[640]	train-rmse:0.546390 
[641]	train-rmse:0.546257 
[642]	train-rmse:0.546216 
[643]	train-rmse:0.546150 
[644]	train-rmse:0.546131 
[645]	train-rmse:0.546018 
[646]	train-rmse:0.545954 
[647]	train-rmse:0.545816 
[648]	train-rmse:0.545816 
[649]	train-rmse:0.545661 
[650]	train-rmse:0.545569 
[651]	train-rmse:0.545478 
[652]	train-rmse:0.545409 
[653]	train-rmse:0.545339 
[654]	train-rmse:0.545301 
[655]	train-rmse:0.545235 
[656]	train-rmse:0.545235 
[657]	train-rmse:0.545158 
[658]	train-rmse:0.545112 
[659]	train-rmse:0.545112 
[660]	train-rmse:0.545102 
[661]	train-rmse:0.545053 
[662]	train-rmse:0.545008 
[663]	train-rmse:0.544996 
[664]	train-rmse:0.544959 
[665]	train-rmse:0.544933 
[666]	train-rmse:0.544909 
[667]	train-rmse:0.544840 
[668]	train-rmse:0.544835 
[669]	train-rmse:0.544771 
[670]	train-rmse:0.544737 
[671]	train-rmse:0.544710 
[672]	train-rmse:0.544659 
[673]	train-rmse:0.544580 
[674]	train-rmse:0.544528 
[675]	train-rmse:0.544374 
[676]	train-rmse:0.544332 
[677]	train-rmse:0.544297 
[678]	train-rmse:0.544259 
[679]	train-rmse:0.544236 
[680]	train-rmse:0.544128 
[681]	train-rmse:0.544106 
[682]	train-rmse:0.544071 
[683]	train-rmse:0.544062 
[684]	train-rmse:0.544019 
[685]	train-rmse:0.543967 
[686]	train-rmse:0.543941 
[687]	train-rmse:0.543920 
[688]	train-rmse:0.543841 
[689]	train-rmse:0.543807 
[690]	train-rmse:0.543691 
[691]	train-rmse:0.543681 
[692]	train-rmse:0.543549 
[693]	train-rmse:0.543527 
[694]	train-rmse:0.543485 
[695]	train-rmse:0.543428 
[696]	train-rmse:0.543360 
[697]	train-rmse:0.543280 
[698]	train-rmse:0.543108 
[699]	train-rmse:0.543049 
[700]	train-rmse:0.542938 
[701]	train-rmse:0.542930 
[702]	train-rmse:0.542905 
[703]	train-rmse:0.542855 
[704]	train-rmse:0.542769 
[705]	train-rmse:0.542704 
[706]	train-rmse:0.542688 
[707]	train-rmse:0.542637 
[708]	train-rmse:0.542604 
[709]	train-rmse:0.542564 
[710]	train-rmse:0.542498 
[711]	train-rmse:0.542473 
[712]	train-rmse:0.542415 
[713]	train-rmse:0.542270 
[714]	train-rmse:0.542231 
[715]	train-rmse:0.542109 
[716]	train-rmse:0.542075 
[717]	train-rmse:0.542067 
[718]	train-rmse:0.542034 
[719]	train-rmse:0.542020 
[720]	train-rmse:0.541960 
[721]	train-rmse:0.541903 
[722]	train-rmse:0.541898 
[723]	train-rmse:0.541882 
[724]	train-rmse:0.541829 
[725]	train-rmse:0.541744 
[726]	train-rmse:0.541662 
[727]	train-rmse:0.541589 
[728]	train-rmse:0.541589 
[729]	train-rmse:0.541513 
[730]	train-rmse:0.541476 
[731]	train-rmse:0.541376 
[732]	train-rmse:0.541245 
[733]	train-rmse:0.541160 
[734]	train-rmse:0.541053 
[735]	train-rmse:0.540998 
[736]	train-rmse:0.540937 
[737]	train-rmse:0.540907 
[738]	train-rmse:0.540726 
[739]	train-rmse:0.540702 
[740]	train-rmse:0.540673 
[741]	train-rmse:0.540642 
[742]	train-rmse:0.540615 
[743]	train-rmse:0.540531 
[744]	train-rmse:0.540469 
[745]	train-rmse:0.540389 
[746]	train-rmse:0.540252 
[747]	train-rmse:0.540185 
[748]	train-rmse:0.540108 
[749]	train-rmse:0.540040 
[750]	train-rmse:0.539983 
[1]	train-rmse:1.250804 
[2]	train-rmse:1.230625 
[3]	train-rmse:1.211019 
[4]	train-rmse:1.192150 
[5]	train-rmse:1.173621 
[6]	train-rmse:1.155909 
[7]	train-rmse:1.138606 
[8]	train-rmse:1.121975 
[9]	train-rmse:1.105613 
[10]	train-rmse:1.090114 
[11]	train-rmse:1.075014 
[12]	train-rmse:1.060454 
[13]	train-rmse:1.046399 
[14]	train-rmse:1.032690 
[15]	train-rmse:1.019576 
[16]	train-rmse:1.006788 
[17]	train-rmse:0.994545 
[18]	train-rmse:0.982682 
[19]	train-rmse:0.971278 
[20]	train-rmse:0.960243 
[21]	train-rmse:0.949662 
[22]	train-rmse:0.939336 
[23]	train-rmse:0.929492 
[24]	train-rmse:0.919914 
[25]	train-rmse:0.910600 
[26]	train-rmse:0.901726 
[27]	train-rmse:0.892937 
[28]	train-rmse:0.884716 
[29]	train-rmse:0.876852 
[30]	train-rmse:0.869081 
[31]	train-rmse:0.861522 
[32]	train-rmse:0.854294 
[33]	train-rmse:0.847422 
[34]	train-rmse:0.840719 
[35]	train-rmse:0.834431 
[36]	train-rmse:0.828265 
[37]	train-rmse:0.822273 
[38]	train-rmse:0.816515 
[39]	train-rmse:0.811006 
[40]	train-rmse:0.805759 
[41]	train-rmse:0.800625 
[42]	train-rmse:0.795489 
[43]	train-rmse:0.790602 
[44]	train-rmse:0.786110 
[45]	train-rmse:0.781696 
[46]	train-rmse:0.777504 
[47]	train-rmse:0.773373 
[48]	train-rmse:0.769413 
[49]	train-rmse:0.765518 
[50]	train-rmse:0.761728 
[51]	train-rmse:0.758252 
[52]	train-rmse:0.754920 
[53]	train-rmse:0.751653 
[54]	train-rmse:0.748333 
[55]	train-rmse:0.745299 
[56]	train-rmse:0.742387 
[57]	train-rmse:0.739446 
[58]	train-rmse:0.736643 
[59]	train-rmse:0.733992 
[60]	train-rmse:0.731439 
[61]	train-rmse:0.728921 
[62]	train-rmse:0.726557 
[63]	train-rmse:0.724246 
[64]	train-rmse:0.722022 
[65]	train-rmse:0.719914 
[66]	train-rmse:0.717829 
[67]	train-rmse:0.715773 
[68]	train-rmse:0.713709 
[69]	train-rmse:0.711820 
[70]	train-rmse:0.709986 
[71]	train-rmse:0.708157 
[72]	train-rmse:0.706529 
[73]	train-rmse:0.704921 
[74]	train-rmse:0.703370 
[75]	train-rmse:0.701692 
[76]	train-rmse:0.700100 
[77]	train-rmse:0.698708 
[78]	train-rmse:0.697353 
[79]	train-rmse:0.695972 
[80]	train-rmse:0.694575 
[81]	train-rmse:0.693246 
[82]	train-rmse:0.691937 
[83]	train-rmse:0.690742 
[84]	train-rmse:0.689518 
[85]	train-rmse:0.688393 
[86]	train-rmse:0.687189 
[87]	train-rmse:0.686068 
[88]	train-rmse:0.685046 
[89]	train-rmse:0.684132 
[90]	train-rmse:0.683128 
[91]	train-rmse:0.682185 
[92]	train-rmse:0.681215 
[93]	train-rmse:0.680216 
[94]	train-rmse:0.679277 
[95]	train-rmse:0.678281 
[96]	train-rmse:0.677298 
[97]	train-rmse:0.676427 
[98]	train-rmse:0.675682 
[99]	train-rmse:0.674825 
[100]	train-rmse:0.673997 
[101]	train-rmse:0.673258 
[102]	train-rmse:0.672520 
[103]	train-rmse:0.671816 
[104]	train-rmse:0.671130 
[105]	train-rmse:0.670506 
[106]	train-rmse:0.669828 
[107]	train-rmse:0.669002 
[108]	train-rmse:0.668309 
[109]	train-rmse:0.667650 
[110]	train-rmse:0.667010 
[111]	train-rmse:0.666366 
[112]	train-rmse:0.665809 
[113]	train-rmse:0.665251 
[114]	train-rmse:0.664709 
[115]	train-rmse:0.664120 
[116]	train-rmse:0.663664 
[117]	train-rmse:0.663112 
[118]	train-rmse:0.662619 
[119]	train-rmse:0.662013 
[120]	train-rmse:0.661504 
[121]	train-rmse:0.661011 
[122]	train-rmse:0.660368 
[123]	train-rmse:0.659876 
[124]	train-rmse:0.659412 
[125]	train-rmse:0.658860 
[126]	train-rmse:0.658336 
[127]	train-rmse:0.657824 
[128]	train-rmse:0.657393 
[129]	train-rmse:0.656959 
[130]	train-rmse:0.656599 
[131]	train-rmse:0.656171 
[132]	train-rmse:0.655685 
[133]	train-rmse:0.655295 
[134]	train-rmse:0.654854 
[135]	train-rmse:0.654432 
[136]	train-rmse:0.654085 
[137]	train-rmse:0.653779 
[138]	train-rmse:0.653337 
[139]	train-rmse:0.652914 
[140]	train-rmse:0.652519 
[141]	train-rmse:0.652133 
[142]	train-rmse:0.651831 
[143]	train-rmse:0.651513 
[144]	train-rmse:0.651218 
[145]	train-rmse:0.650896 
[146]	train-rmse:0.650576 
[147]	train-rmse:0.650292 
[148]	train-rmse:0.649936 
[149]	train-rmse:0.649487 
[150]	train-rmse:0.649028 
[151]	train-rmse:0.648686 
[152]	train-rmse:0.648239 
[153]	train-rmse:0.647892 
[154]	train-rmse:0.647534 
[155]	train-rmse:0.647204 
[156]	train-rmse:0.646860 
[157]	train-rmse:0.646451 
[158]	train-rmse:0.646112 
[159]	train-rmse:0.645904 
[160]	train-rmse:0.645622 
[161]	train-rmse:0.645246 
[162]	train-rmse:0.644974 
[163]	train-rmse:0.644604 
[164]	train-rmse:0.644296 
[165]	train-rmse:0.643865 
[166]	train-rmse:0.643644 
[167]	train-rmse:0.643329 
[168]	train-rmse:0.643113 
[169]	train-rmse:0.642894 
[170]	train-rmse:0.642598 
[171]	train-rmse:0.642390 
[172]	train-rmse:0.642001 
[173]	train-rmse:0.641705 
[174]	train-rmse:0.641398 
[175]	train-rmse:0.641212 
[176]	train-rmse:0.640993 
[177]	train-rmse:0.640746 
[178]	train-rmse:0.640492 
[179]	train-rmse:0.640224 
[180]	train-rmse:0.639939 
[181]	train-rmse:0.639673 
[182]	train-rmse:0.639391 
[183]	train-rmse:0.639173 
[184]	train-rmse:0.638897 
[185]	train-rmse:0.638696 
[186]	train-rmse:0.638548 
[187]	train-rmse:0.638238 
[188]	train-rmse:0.638095 
[189]	train-rmse:0.637799 
[190]	train-rmse:0.637562 
[191]	train-rmse:0.637320 
[192]	train-rmse:0.637172 
[193]	train-rmse:0.636922 
[194]	train-rmse:0.636774 
[195]	train-rmse:0.636515 
[196]	train-rmse:0.636397 
[197]	train-rmse:0.636190 
[198]	train-rmse:0.636068 
[199]	train-rmse:0.635804 
[200]	train-rmse:0.635704 
[201]	train-rmse:0.635514 
[202]	train-rmse:0.635269 
[203]	train-rmse:0.634953 
[204]	train-rmse:0.634790 
[205]	train-rmse:0.634535 
[206]	train-rmse:0.634444 
[207]	train-rmse:0.634355 
[208]	train-rmse:0.634107 
[209]	train-rmse:0.633985 
[210]	train-rmse:0.633869 
[211]	train-rmse:0.633550 
[212]	train-rmse:0.633299 
[213]	train-rmse:0.633071 
[214]	train-rmse:0.632869 
[215]	train-rmse:0.632720 
[216]	train-rmse:0.632559 
[217]	train-rmse:0.632463 
[218]	train-rmse:0.632306 
[219]	train-rmse:0.632178 
[220]	train-rmse:0.631855 
[221]	train-rmse:0.631683 
[222]	train-rmse:0.631556 
[223]	train-rmse:0.631288 
[224]	train-rmse:0.631127 
[225]	train-rmse:0.630974 
[226]	train-rmse:0.630631 
[227]	train-rmse:0.630514 
[228]	train-rmse:0.630299 
[229]	train-rmse:0.630151 
[230]	train-rmse:0.629936 
[231]	train-rmse:0.629882 
[232]	train-rmse:0.629687 
[233]	train-rmse:0.629472 
[234]	train-rmse:0.629365 
[235]	train-rmse:0.629139 
[236]	train-rmse:0.628890 
[237]	train-rmse:0.628704 
[238]	train-rmse:0.628561 
[239]	train-rmse:0.628315 
[240]	train-rmse:0.628082 
[241]	train-rmse:0.627890 
[242]	train-rmse:0.627605 
[243]	train-rmse:0.627350 
[244]	train-rmse:0.627261 
[245]	train-rmse:0.627035 
[246]	train-rmse:0.626788 
[247]	train-rmse:0.626589 
[248]	train-rmse:0.626451 
[249]	train-rmse:0.626166 
[250]	train-rmse:0.626121 
[251]	train-rmse:0.625986 
[252]	train-rmse:0.625937 
[253]	train-rmse:0.625599 
[254]	train-rmse:0.625547 
[255]	train-rmse:0.625353 
[256]	train-rmse:0.625116 
[257]	train-rmse:0.625002 
[258]	train-rmse:0.624753 
[259]	train-rmse:0.624667 
[260]	train-rmse:0.624474 
[261]	train-rmse:0.624218 
[262]	train-rmse:0.624113 
[263]	train-rmse:0.624053 
[264]	train-rmse:0.623972 
[265]	train-rmse:0.623708 
[266]	train-rmse:0.623471 
[267]	train-rmse:0.623187 
[268]	train-rmse:0.623031 
[269]	train-rmse:0.622761 
[270]	train-rmse:0.622707 
[271]	train-rmse:0.622574 
[272]	train-rmse:0.622456 
[273]	train-rmse:0.622322 
[274]	train-rmse:0.622207 
[275]	train-rmse:0.622080 
[276]	train-rmse:0.621831 
[277]	train-rmse:0.621752 
[278]	train-rmse:0.621567 
[279]	train-rmse:0.621442 
[280]	train-rmse:0.621212 
[281]	train-rmse:0.621044 
[282]	train-rmse:0.620813 
[283]	train-rmse:0.620623 
[284]	train-rmse:0.620578 
[285]	train-rmse:0.620495 
[286]	train-rmse:0.620290 
[287]	train-rmse:0.620173 
[288]	train-rmse:0.620031 
[289]	train-rmse:0.619826 
[290]	train-rmse:0.619587 
[291]	train-rmse:0.619513 
[292]	train-rmse:0.619268 
[293]	train-rmse:0.619144 
[294]	train-rmse:0.619043 
[295]	train-rmse:0.618926 
[296]	train-rmse:0.618795 
[297]	train-rmse:0.618655 
[298]	train-rmse:0.618427 
[299]	train-rmse:0.618238 
[300]	train-rmse:0.618127 
[301]	train-rmse:0.618093 
[302]	train-rmse:0.617922 
[303]	train-rmse:0.617787 
[304]	train-rmse:0.617695 
[305]	train-rmse:0.617570 
[306]	train-rmse:0.617324 
[307]	train-rmse:0.617065 
[308]	train-rmse:0.616964 
[309]	train-rmse:0.616799 
[310]	train-rmse:0.616643 
[311]	train-rmse:0.616526 
[312]	train-rmse:0.616414 
[313]	train-rmse:0.616342 
[314]	train-rmse:0.616243 
[315]	train-rmse:0.616106 
[316]	train-rmse:0.615967 
[317]	train-rmse:0.615860 
[318]	train-rmse:0.615588 
[319]	train-rmse:0.615529 
[320]	train-rmse:0.615361 
[321]	train-rmse:0.615226 
[322]	train-rmse:0.615188 
[323]	train-rmse:0.614943 
[324]	train-rmse:0.614852 
[325]	train-rmse:0.614823 
[326]	train-rmse:0.614700 
[327]	train-rmse:0.614602 
[328]	train-rmse:0.614431 
[329]	train-rmse:0.614381 
[330]	train-rmse:0.614319 
[331]	train-rmse:0.614284 
[332]	train-rmse:0.614197 
[333]	train-rmse:0.614056 
[334]	train-rmse:0.614013 
[335]	train-rmse:0.613819 
[336]	train-rmse:0.613730 
[337]	train-rmse:0.613695 
[338]	train-rmse:0.613580 
[339]	train-rmse:0.613345 
[340]	train-rmse:0.613098 
[341]	train-rmse:0.612978 
[342]	train-rmse:0.612904 
[343]	train-rmse:0.612862 
[344]	train-rmse:0.612787 
[345]	train-rmse:0.612659 
[346]	train-rmse:0.612526 
[347]	train-rmse:0.612360 
[348]	train-rmse:0.612146 
[349]	train-rmse:0.611994 
[350]	train-rmse:0.611883 
[351]	train-rmse:0.611816 
[352]	train-rmse:0.611662 
[353]	train-rmse:0.611585 
[354]	train-rmse:0.611431 
[355]	train-rmse:0.611366 
[356]	train-rmse:0.611319 
[357]	train-rmse:0.611164 
[358]	train-rmse:0.611116 
[359]	train-rmse:0.611016 
[360]	train-rmse:0.610877 
[361]	train-rmse:0.610821 
[362]	train-rmse:0.610742 
[363]	train-rmse:0.610676 
[364]	train-rmse:0.610545 
[365]	train-rmse:0.610488 
[366]	train-rmse:0.610304 
[367]	train-rmse:0.610180 
[368]	train-rmse:0.610040 
[369]	train-rmse:0.609867 
[370]	train-rmse:0.609623 
[371]	train-rmse:0.609524 
[372]	train-rmse:0.609482 
[373]	train-rmse:0.609371 
[374]	train-rmse:0.609259 
[375]	train-rmse:0.609146 
[376]	train-rmse:0.609050 
[377]	train-rmse:0.609001 
[378]	train-rmse:0.608911 
[379]	train-rmse:0.608824 
[380]	train-rmse:0.608674 
[381]	train-rmse:0.608626 
[382]	train-rmse:0.608559 
[383]	train-rmse:0.608444 
[384]	train-rmse:0.608288 
[385]	train-rmse:0.608262 
[386]	train-rmse:0.608090 
[387]	train-rmse:0.607949 
[388]	train-rmse:0.607800 
[389]	train-rmse:0.607660 
[390]	train-rmse:0.607595 
[391]	train-rmse:0.607528 
[392]	train-rmse:0.607331 
[393]	train-rmse:0.607287 
[394]	train-rmse:0.607033 
[395]	train-rmse:0.606947 
[396]	train-rmse:0.606841 
[397]	train-rmse:0.606799 
[398]	train-rmse:0.606720 
[399]	train-rmse:0.606597 
[400]	train-rmse:0.606547 
[401]	train-rmse:0.606294 
[402]	train-rmse:0.606085 
[403]	train-rmse:0.606085 
[404]	train-rmse:0.605962 
[405]	train-rmse:0.605907 
[406]	train-rmse:0.605831 
[407]	train-rmse:0.605748 
[408]	train-rmse:0.605689 
[409]	train-rmse:0.605593 
[410]	train-rmse:0.605449 
[411]	train-rmse:0.605361 
[412]	train-rmse:0.605301 
[413]	train-rmse:0.605133 
[414]	train-rmse:0.605065 
[415]	train-rmse:0.605012 
[416]	train-rmse:0.604913 
[417]	train-rmse:0.604748 
[418]	train-rmse:0.604630 
[419]	train-rmse:0.604531 
[420]	train-rmse:0.604523 
[421]	train-rmse:0.604438 
[422]	train-rmse:0.604397 
[423]	train-rmse:0.604282 
[424]	train-rmse:0.604124 
[425]	train-rmse:0.604053 
[426]	train-rmse:0.603865 
[427]	train-rmse:0.603732 
[428]	train-rmse:0.603621 
[429]	train-rmse:0.603507 
[430]	train-rmse:0.603361 
[431]	train-rmse:0.603241 
[432]	train-rmse:0.603109 
[433]	train-rmse:0.603011 
[434]	train-rmse:0.602915 
[435]	train-rmse:0.602833 
[436]	train-rmse:0.602687 
[437]	train-rmse:0.602650 
[438]	train-rmse:0.602598 
[439]	train-rmse:0.602493 
[440]	train-rmse:0.602454 
[441]	train-rmse:0.602350 
[442]	train-rmse:0.602184 
[443]	train-rmse:0.602152 
[444]	train-rmse:0.602003 
[445]	train-rmse:0.601920 
[446]	train-rmse:0.601875 
[447]	train-rmse:0.601780 
[448]	train-rmse:0.601768 
[449]	train-rmse:0.601637 
[450]	train-rmse:0.601524 
[451]	train-rmse:0.601421 
[452]	train-rmse:0.601277 
[453]	train-rmse:0.601155 
[454]	train-rmse:0.601077 
[455]	train-rmse:0.601040 
[456]	train-rmse:0.600943 
[457]	train-rmse:0.600781 
[458]	train-rmse:0.600713 
[459]	train-rmse:0.600541 
[460]	train-rmse:0.600520 
[461]	train-rmse:0.600476 
[462]	train-rmse:0.600315 
[463]	train-rmse:0.600198 
[464]	train-rmse:0.600173 
[465]	train-rmse:0.600101 
[466]	train-rmse:0.599965 
[467]	train-rmse:0.599870 
[468]	train-rmse:0.599814 
[469]	train-rmse:0.599710 
[470]	train-rmse:0.599650 
[471]	train-rmse:0.599591 
[472]	train-rmse:0.599499 
[473]	train-rmse:0.599399 
[474]	train-rmse:0.599193 
[475]	train-rmse:0.599092 
[476]	train-rmse:0.599021 
[477]	train-rmse:0.598963 
[478]	train-rmse:0.598929 
[479]	train-rmse:0.598802 
[480]	train-rmse:0.598641 
[481]	train-rmse:0.598502 
[482]	train-rmse:0.598469 
[483]	train-rmse:0.598380 
[484]	train-rmse:0.598274 
[485]	train-rmse:0.598144 
[486]	train-rmse:0.598008 
[487]	train-rmse:0.597907 
[488]	train-rmse:0.597813 
[489]	train-rmse:0.597738 
[490]	train-rmse:0.597726 
[491]	train-rmse:0.597584 
[492]	train-rmse:0.597556 
[493]	train-rmse:0.597480 
[494]	train-rmse:0.597435 
[495]	train-rmse:0.597378 
[496]	train-rmse:0.597293 
[497]	train-rmse:0.597217 
[498]	train-rmse:0.597196 
[499]	train-rmse:0.597018 
[500]	train-rmse:0.596902 
[501]	train-rmse:0.596781 
[502]	train-rmse:0.596685 
[503]	train-rmse:0.596561 
[504]	train-rmse:0.596537 
[505]	train-rmse:0.596475 
[506]	train-rmse:0.596420 
[507]	train-rmse:0.596275 
[508]	train-rmse:0.596130 
[509]	train-rmse:0.596009 
[510]	train-rmse:0.595934 
[511]	train-rmse:0.595748 
[512]	train-rmse:0.595677 
[513]	train-rmse:0.595592 
[514]	train-rmse:0.595453 
[515]	train-rmse:0.595420 
[516]	train-rmse:0.595357 
[517]	train-rmse:0.595228 
[518]	train-rmse:0.595139 
[519]	train-rmse:0.594910 
[520]	train-rmse:0.594884 
[521]	train-rmse:0.594770 
[522]	train-rmse:0.594569 
[523]	train-rmse:0.594396 
[524]	train-rmse:0.594313 
[525]	train-rmse:0.594284 
[526]	train-rmse:0.594218 
[527]	train-rmse:0.594177 
[528]	train-rmse:0.594065 
[529]	train-rmse:0.594028 
[530]	train-rmse:0.593933 
[531]	train-rmse:0.593827 
[532]	train-rmse:0.593751 
[533]	train-rmse:0.593590 
[534]	train-rmse:0.593551 
[535]	train-rmse:0.593438 
[536]	train-rmse:0.593398 
[537]	train-rmse:0.593331 
[538]	train-rmse:0.593297 
[539]	train-rmse:0.593167 
[540]	train-rmse:0.593114 
[541]	train-rmse:0.593102 
[542]	train-rmse:0.592983 
[543]	train-rmse:0.592829 
[544]	train-rmse:0.592800 
[545]	train-rmse:0.592686 
[546]	train-rmse:0.592636 
[547]	train-rmse:0.592600 
[548]	train-rmse:0.592439 
[549]	train-rmse:0.592420 
[550]	train-rmse:0.592332 
[551]	train-rmse:0.592210 
[552]	train-rmse:0.592104 
[553]	train-rmse:0.592087 
[554]	train-rmse:0.591939 
[555]	train-rmse:0.591765 
[556]	train-rmse:0.591728 
[557]	train-rmse:0.591718 
[558]	train-rmse:0.591620 
[559]	train-rmse:0.591534 
[560]	train-rmse:0.591392 
[561]	train-rmse:0.591301 
[562]	train-rmse:0.591102 
[563]	train-rmse:0.590980 
[564]	train-rmse:0.590869 
[565]	train-rmse:0.590823 
[566]	train-rmse:0.590720 
[567]	train-rmse:0.590689 
[568]	train-rmse:0.590671 
[569]	train-rmse:0.590566 
[570]	train-rmse:0.590492 
[571]	train-rmse:0.590403 
[572]	train-rmse:0.590245 
[573]	train-rmse:0.590212 
[574]	train-rmse:0.590179 
[575]	train-rmse:0.590112 
[576]	train-rmse:0.590085 
[577]	train-rmse:0.590018 
[578]	train-rmse:0.589953 
[579]	train-rmse:0.589901 
[580]	train-rmse:0.589842 
[581]	train-rmse:0.589806 
[582]	train-rmse:0.589752 
[583]	train-rmse:0.589633 
[584]	train-rmse:0.589601 
[585]	train-rmse:0.589464 
[586]	train-rmse:0.589414 
[587]	train-rmse:0.589329 
[588]	train-rmse:0.589224 
[589]	train-rmse:0.589172 
[590]	train-rmse:0.589138 
[591]	train-rmse:0.589073 
[592]	train-rmse:0.588967 
[593]	train-rmse:0.588912 
[594]	train-rmse:0.588887 
[595]	train-rmse:0.588780 
[596]	train-rmse:0.588647 
[597]	train-rmse:0.588580 
[598]	train-rmse:0.588491 
[599]	train-rmse:0.588437 
[600]	train-rmse:0.588337 
[601]	train-rmse:0.588314 
[602]	train-rmse:0.588294 
[603]	train-rmse:0.588251 
[604]	train-rmse:0.588176 
[605]	train-rmse:0.588142 
[606]	train-rmse:0.587896 
[607]	train-rmse:0.587873 
[608]	train-rmse:0.587781 
[609]	train-rmse:0.587694 
[610]	train-rmse:0.587582 
[611]	train-rmse:0.587519 
[612]	train-rmse:0.587486 
[613]	train-rmse:0.587356 
[614]	train-rmse:0.587235 
[615]	train-rmse:0.587127 
[616]	train-rmse:0.587069 
[617]	train-rmse:0.586884 
[618]	train-rmse:0.586789 
[619]	train-rmse:0.586761 
[620]	train-rmse:0.586645 
[621]	train-rmse:0.586621 
[622]	train-rmse:0.586496 
[623]	train-rmse:0.586410 
[624]	train-rmse:0.586339 
[625]	train-rmse:0.586200 
[626]	train-rmse:0.586050 
[627]	train-rmse:0.585979 
[628]	train-rmse:0.585889 
[629]	train-rmse:0.585789 
[630]	train-rmse:0.585679 
[631]	train-rmse:0.585664 
[632]	train-rmse:0.585619 
[633]	train-rmse:0.585472 
[634]	train-rmse:0.585405 
[635]	train-rmse:0.585277 
[636]	train-rmse:0.585207 
[637]	train-rmse:0.585191 
[638]	train-rmse:0.585047 
[639]	train-rmse:0.585036 
[640]	train-rmse:0.584952 
[641]	train-rmse:0.584838 
[642]	train-rmse:0.584749 
[643]	train-rmse:0.584607 
[644]	train-rmse:0.584593 
[645]	train-rmse:0.584579 
[646]	train-rmse:0.584542 
[647]	train-rmse:0.584433 
[648]	train-rmse:0.584295 
[649]	train-rmse:0.584286 
[650]	train-rmse:0.584233 
[651]	train-rmse:0.584204 
[652]	train-rmse:0.584134 
[653]	train-rmse:0.584023 
[654]	train-rmse:0.583998 
[655]	train-rmse:0.583926 
[656]	train-rmse:0.583838 
[657]	train-rmse:0.583769 
[658]	train-rmse:0.583614 
[659]	train-rmse:0.583552 
[660]	train-rmse:0.583486 
[661]	train-rmse:0.583317 
[662]	train-rmse:0.583298 
[663]	train-rmse:0.583224 
[664]	train-rmse:0.583140 
[665]	train-rmse:0.583094 
[666]	train-rmse:0.583059 
[667]	train-rmse:0.582987 
[668]	train-rmse:0.582965 
[669]	train-rmse:0.582915 
[670]	train-rmse:0.582879 
[671]	train-rmse:0.582772 
[672]	train-rmse:0.582648 
[673]	train-rmse:0.582617 
[674]	train-rmse:0.582552 
[675]	train-rmse:0.582454 
[676]	train-rmse:0.582372 
[677]	train-rmse:0.582352 
[678]	train-rmse:0.582247 
[679]	train-rmse:0.582209 
[680]	train-rmse:0.582197 
[681]	train-rmse:0.582035 
[682]	train-rmse:0.581926 
[683]	train-rmse:0.581860 
[684]	train-rmse:0.581836 
[685]	train-rmse:0.581806 
[686]	train-rmse:0.581792 
[687]	train-rmse:0.581676 
[688]	train-rmse:0.581482 
[689]	train-rmse:0.581438 
[690]	train-rmse:0.581398 
[691]	train-rmse:0.581297 
[692]	train-rmse:0.581149 
[693]	train-rmse:0.581047 
[694]	train-rmse:0.580997 
[695]	train-rmse:0.580908 
[696]	train-rmse:0.580808 
[697]	train-rmse:0.580723 
[698]	train-rmse:0.580683 
[699]	train-rmse:0.580595 
[700]	train-rmse:0.580487 
[701]	train-rmse:0.580467 
[702]	train-rmse:0.580374 
[703]	train-rmse:0.580319 
[704]	train-rmse:0.580213 
[705]	train-rmse:0.580178 
[706]	train-rmse:0.580120 
[707]	train-rmse:0.580043 
[708]	train-rmse:0.579943 
[709]	train-rmse:0.579843 
[710]	train-rmse:0.579752 
[711]	train-rmse:0.579608 
[712]	train-rmse:0.579550 
[713]	train-rmse:0.579449 
[714]	train-rmse:0.579400 
[715]	train-rmse:0.579278 
[716]	train-rmse:0.579135 
[717]	train-rmse:0.578976 
[718]	train-rmse:0.578959 
[719]	train-rmse:0.578852 
[720]	train-rmse:0.578764 
[721]	train-rmse:0.578740 
[722]	train-rmse:0.578595 
[723]	train-rmse:0.578524 
[724]	train-rmse:0.578520 
[725]	train-rmse:0.578407 
[726]	train-rmse:0.578308 
[727]	train-rmse:0.578250 
[728]	train-rmse:0.578183 
[729]	train-rmse:0.578127 
[730]	train-rmse:0.578036 
[731]	train-rmse:0.577961 
[732]	train-rmse:0.577926 
[733]	train-rmse:0.577794 
[734]	train-rmse:0.577692 
[735]	train-rmse:0.577611 
[736]	train-rmse:0.577611 
[737]	train-rmse:0.577575 
[738]	train-rmse:0.577514 
[739]	train-rmse:0.577504 
[740]	train-rmse:0.577439 
[741]	train-rmse:0.577394 
[742]	train-rmse:0.577380 
[743]	train-rmse:0.577356 
[744]	train-rmse:0.577295 
[745]	train-rmse:0.577151 
[746]	train-rmse:0.577107 
[747]	train-rmse:0.577064 
[748]	train-rmse:0.577053 
[749]	train-rmse:0.576979 
[750]	train-rmse:0.576913 
> save(meta_knn, file = "meta_knn.stack.rda")  
Error in save(meta_knn, file = "meta_knn.stack.rda") : 
  object ‘meta_knn’ not found
> save(meta_glm, file = "meta_glm.stack.rda")  
Error in save(meta_glm, file = "meta_glm.stack.rda") : 
  object ‘meta_glm’ not found
> save(meta_svm, file = "meta_svm.stack.rda")  
Error in save(meta_svm, file = "meta_svm.stack.rda") : 
  object ‘meta_svm’ not found
> save(meta_rf, file = "meta_rf.stack.rda")  
Error in save(meta_rf, file = "meta_rf.stack.rda") : 
  object ‘meta_rf’ not found
> save(meta_xgb, file = "meta_xgb.astack.rda")  
Error in save(meta_xgb, file = "meta_xgb.astack.rda") : 
  object ‘meta_xgb’ not found
> 
> # combine meta features
> sg_col = c("meta_knn", "meta_glm", "meta_svm", "meta_rf", "meta_xgb", "y")
> train_sg = data.frame(meta_knn_train, meta_glm_train, meta_svm_train, meta_rf_train, meta_xgb_train, train_y)
> test_sg = data.frame(meta_knn_test, meta_glm_test, meta_svm_test, meta_rf_test, meta_xgb_test, test_y)
> colnames(train_sg) = sg_col
> colnames(test_sg) = sg_col
> 
> # ensemble with elastic-net regression
> train_sg_sparse = model.Matrix(y ~ . - 1, data = train_sg, sparse = T)
> test_sg_sparse = model.Matrix(y ~ . - 1, data = test_sg, sparse = T)
> 
> mdl_glm = cv.glmnet(train_sg_sparse, train_y, family = "gaussian", alpha = 0.2)
> save(mdl_glm, file = "mdl_glm.ensemble.rda")  
> 
> pred_glm = predict(mdl_glm, newx = test_sg_sparse, s = "lambda.min")
> mse(pred_glm, test_y)
[1] 0.383522